Archive member included to satisfy reference by file (symbol)

C:/ST/STM32CubeIDE_1.16.1/STM32CubeIDE/plugins/com.st.stm32cube.ide.mcu.externaltools.gnu-tools-for-stm32.13.3.rel1.win32_1.0.0.202411081344/tools/bin/../lib/gcc/arm-none-eabi/13.3.1/../../../../arm-none-eabi/lib/thumb/v6-m/nofp\libc_nano.a(libc_a-exit.o)
                              C:/ST/STM32CubeIDE_1.16.1/STM32CubeIDE/plugins/com.st.stm32cube.ide.mcu.externaltools.gnu-tools-for-stm32.13.3.rel1.win32_1.0.0.202411081344/tools/bin/../lib/gcc/arm-none-eabi/13.3.1/../../../../arm-none-eabi/lib/thumb/v6-m/nofp/crt0.o (exit)
C:/ST/STM32CubeIDE_1.16.1/STM32CubeIDE/plugins/com.st.stm32cube.ide.mcu.externaltools.gnu-tools-for-stm32.13.3.rel1.win32_1.0.0.202411081344/tools/bin/../lib/gcc/arm-none-eabi/13.3.1/../../../../arm-none-eabi/lib/thumb/v6-m/nofp\libc_nano.a(libc_a-findfp.o)
                              C:/ST/STM32CubeIDE_1.16.1/STM32CubeIDE/plugins/com.st.stm32cube.ide.mcu.externaltools.gnu-tools-for-stm32.13.3.rel1.win32_1.0.0.202411081344/tools/bin/../lib/gcc/arm-none-eabi/13.3.1/../../../../arm-none-eabi/lib/thumb/v6-m/nofp\libc_nano.a(libc_a-exit.o) (__stdio_exit_handler)
C:/ST/STM32CubeIDE_1.16.1/STM32CubeIDE/plugins/com.st.stm32cube.ide.mcu.externaltools.gnu-tools-for-stm32.13.3.rel1.win32_1.0.0.202411081344/tools/bin/../lib/gcc/arm-none-eabi/13.3.1/../../../../arm-none-eabi/lib/thumb/v6-m/nofp\libc_nano.a(libc_a-fwalk.o)
                              C:/ST/STM32CubeIDE_1.16.1/STM32CubeIDE/plugins/com.st.stm32cube.ide.mcu.externaltools.gnu-tools-for-stm32.13.3.rel1.win32_1.0.0.202411081344/tools/bin/../lib/gcc/arm-none-eabi/13.3.1/../../../../arm-none-eabi/lib/thumb/v6-m/nofp\libc_nano.a(libc_a-findfp.o) (_fwalk_sglue)
C:/ST/STM32CubeIDE_1.16.1/STM32CubeIDE/plugins/com.st.stm32cube.ide.mcu.externaltools.gnu-tools-for-stm32.13.3.rel1.win32_1.0.0.202411081344/tools/bin/../lib/gcc/arm-none-eabi/13.3.1/../../../../arm-none-eabi/lib/thumb/v6-m/nofp\libc_nano.a(libc_a-setvbuf.o)
                              ./Core/Src/retarget.o (setvbuf)
C:/ST/STM32CubeIDE_1.16.1/STM32CubeIDE/plugins/com.st.stm32cube.ide.mcu.externaltools.gnu-tools-for-stm32.13.3.rel1.win32_1.0.0.202411081344/tools/bin/../lib/gcc/arm-none-eabi/13.3.1/../../../../arm-none-eabi/lib/thumb/v6-m/nofp\libc_nano.a(libc_a-stdio.o)
                              C:/ST/STM32CubeIDE_1.16.1/STM32CubeIDE/plugins/com.st.stm32cube.ide.mcu.externaltools.gnu-tools-for-stm32.13.3.rel1.win32_1.0.0.202411081344/tools/bin/../lib/gcc/arm-none-eabi/13.3.1/../../../../arm-none-eabi/lib/thumb/v6-m/nofp\libc_nano.a(libc_a-findfp.o) (__sread)
C:/ST/STM32CubeIDE_1.16.1/STM32CubeIDE/plugins/com.st.stm32cube.ide.mcu.externaltools.gnu-tools-for-stm32.13.3.rel1.win32_1.0.0.202411081344/tools/bin/../lib/gcc/arm-none-eabi/13.3.1/../../../../arm-none-eabi/lib/thumb/v6-m/nofp\libc_nano.a(libc_a-memset.o)
                              C:/ST/STM32CubeIDE_1.16.1/STM32CubeIDE/plugins/com.st.stm32cube.ide.mcu.externaltools.gnu-tools-for-stm32.13.3.rel1.win32_1.0.0.202411081344/tools/bin/../lib/gcc/arm-none-eabi/13.3.1/../../../../arm-none-eabi/lib/thumb/v6-m/nofp/crt0.o (memset)
C:/ST/STM32CubeIDE_1.16.1/STM32CubeIDE/plugins/com.st.stm32cube.ide.mcu.externaltools.gnu-tools-for-stm32.13.3.rel1.win32_1.0.0.202411081344/tools/bin/../lib/gcc/arm-none-eabi/13.3.1/../../../../arm-none-eabi/lib/thumb/v6-m/nofp\libc_nano.a(libc_a-closer.o)
                              C:/ST/STM32CubeIDE_1.16.1/STM32CubeIDE/plugins/com.st.stm32cube.ide.mcu.externaltools.gnu-tools-for-stm32.13.3.rel1.win32_1.0.0.202411081344/tools/bin/../lib/gcc/arm-none-eabi/13.3.1/../../../../arm-none-eabi/lib/thumb/v6-m/nofp\libc_nano.a(libc_a-stdio.o) (_close_r)
C:/ST/STM32CubeIDE_1.16.1/STM32CubeIDE/plugins/com.st.stm32cube.ide.mcu.externaltools.gnu-tools-for-stm32.13.3.rel1.win32_1.0.0.202411081344/tools/bin/../lib/gcc/arm-none-eabi/13.3.1/../../../../arm-none-eabi/lib/thumb/v6-m/nofp\libc_nano.a(libc_a-reent.o)
                              C:/ST/STM32CubeIDE_1.16.1/STM32CubeIDE/plugins/com.st.stm32cube.ide.mcu.externaltools.gnu-tools-for-stm32.13.3.rel1.win32_1.0.0.202411081344/tools/bin/../lib/gcc/arm-none-eabi/13.3.1/../../../../arm-none-eabi/lib/thumb/v6-m/nofp\libc_nano.a(libc_a-closer.o) (errno)
C:/ST/STM32CubeIDE_1.16.1/STM32CubeIDE/plugins/com.st.stm32cube.ide.mcu.externaltools.gnu-tools-for-stm32.13.3.rel1.win32_1.0.0.202411081344/tools/bin/../lib/gcc/arm-none-eabi/13.3.1/../../../../arm-none-eabi/lib/thumb/v6-m/nofp\libc_nano.a(libc_a-impure.o)
                              ./Core/Src/retarget.o (_impure_ptr)
C:/ST/STM32CubeIDE_1.16.1/STM32CubeIDE/plugins/com.st.stm32cube.ide.mcu.externaltools.gnu-tools-for-stm32.13.3.rel1.win32_1.0.0.202411081344/tools/bin/../lib/gcc/arm-none-eabi/13.3.1/../../../../arm-none-eabi/lib/thumb/v6-m/nofp\libc_nano.a(libc_a-lseekr.o)
[...]
Memory Configuration

Name             Origin             Length             Attributes
RAM              0x20000000         0x00002000         xrw
FLASH            0x08000000         0x00010000         xr
*default*        0x00000000         0xffffffff

Linker script and memory map

LOAD C:/ST/STM32CubeIDE_1.16.1/STM32CubeIDE/plugins/com.st.stm32cube.ide.mcu.externaltools.gnu-tools-for-stm32.13.3.rel1.win32_1.0.0.202411081344/tools/bin/../lib/gcc/arm-none-eabi/13.3.1/thumb/v6-m/nofp/crti.o
LOAD C:/ST/STM32CubeIDE_1.16.1/STM32CubeIDE/plugins/com.st.stm32cube.ide.mcu.externaltools.gnu-tools-for-stm32.13.3.rel1.win32_1.0.0.202411081344/tools/bin/../lib/gcc/arm-none-eabi/13.3.1/thumb/v6-m/nofp/crtbegin.o
LOAD C:/ST/STM32CubeIDE_1.16.1/STM32CubeIDE/plugins/com.st.stm32cube.ide.mcu.externaltools.gnu-tools-for-stm32.13.3.rel1.win32_1.0.0.202411081344/tools/bin/../lib/gcc/arm-none-eabi/13.3.1/../../../../arm-none-eabi/lib/thumb/v6-m/nofp/crt0.o
LOAD ./Core/Src/adc.o
LOAD ./Core/Src/gpio.o
LOAD ./Core/Src/main.o
LOAD ./Core/Src/mainAppStepAuto.o
LOAD ./Core/Src/motorControl.o
LOAD ./Core/Src/protocol.o
LOAD ./Core/Src/retarget.o
LOAD ./Core/Src/stm32l0xx_it.o
LOAD ./Core/Src/sysmem.o
LOAD ./Core/Src/system_stm32l0xx.o
LOAD ./Core/Src/tim.o
LOAD ./Core/Src/usart.o
LOAD ./Core/Startup/startup_stm32l053r8tx.o
LOAD ./Drivers/STM32L0xx_HAL_Driver/Src/stm32l0xx_ll_adc.o
LOAD ./Drivers/STM32L0xx_HAL_Driver/Src/stm32l0xx_ll_dma.o
LOAD ./Drivers/STM32L0xx_HAL_Driver/Src/stm32l0xx_ll_exti.o
LOAD ./Drivers/STM32L0xx_HAL_Driver/Src/stm32l0xx_ll_gpio.o
LOAD ./Drivers/STM32L0xx_HAL_Driver/Src/stm32l0xx_ll_pwr.o
LOAD ./Drivers/STM32L0xx_HAL_Driver/Src/stm32l0xx_ll_rcc.o
LOAD ./Drivers/STM32L0xx_HAL_Driver/Src/stm32l0xx_ll_tim.o
LOAD ./Drivers/STM32L0xx_HAL_Driver/Src/stm32l0xx_ll_usart.o
LOAD ./Drivers/STM32L0xx_HAL_Driver/Src/stm32l0xx_ll_utils.o
START GROUP
LOAD C:/ST/STM32CubeIDE_1.16.1/STM32CubeIDE/plugins/com.st.stm32cube.ide.mcu.externaltools.gnu-tools-for-stm32.13.3.rel1.win32_1.0.0.202411081344/tools/bin/../lib/gcc/arm-none-eabi/13.3.1/../../../../arm-none-eabi/lib/thumb/v6-m/nofp\libc_nano.a
LOAD C:/ST/STM32CubeIDE_1.16.1/STM32CubeIDE/plugins/com.st.stm32cube.ide.mcu.externaltools.gnu-tools-for-stm32.13.3.rel1.win32_1.0.0.202411081344/tools/bin/../lib/gcc/arm-none-eabi/13.3.1/../../../../arm-none-eabi/lib/thumb/v6-m/nofp\libm.a
END GROUP
START GROUP
LOAD C:/ST/STM32CubeIDE_1.16.1/STM32CubeIDE/plugins/com.st.stm32cube.ide.mcu.externaltools.gnu-tools-for-stm32.13.3.rel1.win32_1.0.0.202411081344/tools/bin/../lib/gcc/arm-none-eabi/13.3.1/thumb/v6-m/nofp\libgcc.a
LOAD C:/ST/STM32CubeIDE_1.16.1/STM32CubeIDE/plugins/com.st.stm32cube.ide.mcu.externaltools.gnu-tools-for-stm32.13.3.rel1.win32_1.0.0.202411081344/tools/bin/../lib/gcc/arm-none-eabi/13.3.1/../../../../arm-none-eabi/lib/thumb/v6-m/nofp\libc_nano.a
END GROUP
START GROUP
LOAD C:/ST/STM32CubeIDE_1.16.1/STM32CubeIDE/plugins/com.st.stm32cube.ide.mcu.externaltools.gnu-tools-for-stm32.13.3.rel1.win32_1.0.0.202411081344/tools/bin/../lib/gcc/arm-none-eabi/13.3.1/thumb/v6-m/nofp\libgcc.a
LOAD C:/ST/STM32CubeIDE_1.16.1/STM32CubeIDE/plugins/com.st.stm32cube.ide.mcu.externaltools.gnu-tools-for-stm32.13.3.rel1.win32_1.0.0.202411081344/tools/bin/../lib/gcc/arm-none-eabi/13.3.1/../../../../arm-none-eabi/lib/thumb/v6-m/nofp\libc_nano.a
LOAD C:/ST/STM32CubeIDE_1.16.1/STM32CubeIDE/plugins/com.st.stm32cube.ide.mcu.externaltools.gnu-tools-for-stm32.13.3.rel1.win32_1.0.0.202411081344/tools/bin/../lib/gcc/arm-none-eabi/13.3.1/../../../../arm-none-eabi/lib/thumb/v6-m/nofp\libnosys.a
END GROUP
START GROUP
LOAD C:/ST/STM32CubeIDE_1.16.1/STM32CubeIDE/plugins/com.st.stm32cube.ide.mcu.externaltools.gnu-tools-for-stm32.13.3.rel1.win32_1.0.0.202411081344/tools/bin/../lib/gcc/arm-none-eabi/13.3.1/thumb/v6-m/nofp\libgcc.a
LOAD C:/ST/STM32CubeIDE_1.16.1/STM32CubeIDE/plugins/com.st.stm32cube.ide.mcu.externaltools.gnu-tools-for-stm32.13.3.rel1.win32_1.0.0.202411081344/tools/bin/../lib/gcc/arm-none-eabi/13.3.1/../../../../arm-none-eabi/lib/thumb/v6-m/nofp\libc_nano.a
LOAD C:/ST/STM32CubeIDE_1.16.1/STM32CubeIDE/plugins/com.st.stm32cube.ide.mcu.externaltools.gnu-tools-for-stm32.13.3.rel1.win32_1.0.0.202411081344/tools/bin/../lib/gcc/arm-none-eabi/13.3.1/../../../../arm-none-eabi/lib/thumb/v6-m/nofp\libnosys.a
END GROUP
LOAD C:/ST/STM32CubeIDE_1.16.1/STM32CubeIDE/plugins/com.st.stm32cube.ide.mcu.externaltools.gnu-tools-for-stm32.13.3.rel1.win32_1.0.0.202411081344/tools/bin/../lib/gcc/arm-none-eabi/13.3.1/thumb/v6-m/nofp/crtend.o
LOAD C:/ST/STM32CubeIDE_1.16.1/STM32CubeIDE/plugins/com.st.stm32cube.ide.mcu.externaltools.gnu-tools-for-stm32.13.3.rel1.win32_1.0.0.202411081344/tools/bin/../lib/gcc/arm-none-eabi/13.3.1/thumb/v6-m/nofp/crtn.o
                0x20002000                        _estack = (ORIGIN (RAM) + LENGTH (RAM))
                0x00000200                        _Min_Heap_Size = 0x200
                0x00000400                        _Min_Stack_Size = 0x400

.isr_vector     0x08000000       0xc0
                0x08000000                        . = ALIGN (0x4)
 *(.isr_vector)
 .isr_vector    0x08000000       0xc0 ./Core/Startup/startup_stm32l053r8tx.o
                0x08000000                g_pfnVectors
                0x080000c0                        . = ALIGN (0x4)

.text           0x080000c0     0x3878
                0x080000c0                        . = ALIGN (0x4)
 *(.text)
 .text          0x080000c0       0x48 C:/ST/STM32CubeIDE_1.16.1/STM32CubeIDE/plugins/com.st.stm32cube.ide.mcu.externaltools.gnu-tools-for-stm32.13.3.rel1.win32_1.0.0.202411081344/tools/bin/../lib/gcc/arm-none-eabi/13.3.1/thumb/v6-m/nofp/crtbegin.o
 .text          0x08000108      0x114 C:/ST/STM32CubeIDE_1.16.1/STM32CubeIDE/plugins/com.st.stm32cube.ide.mcu.externaltools.gnu-tools-for-stm32.13.3.rel1.win32_1.0.0.202411081344/tools/bin/../lib/gcc/arm-none-eabi/13.3.1/thumb/v6-m/nofp\libgcc.a(_udivsi3.o)
                0x08000108                __aeabi_uidiv
                0x08000108                __udivsi3
                0x08000214                __aeabi_uidivmod
 .text          0x0800021c        0x4 C:/ST/STM32CubeIDE_1.16.1/STM32CubeIDE/plugins/com.st.stm32cube.ide.mcu.externaltools.gnu-tools-for-stm32.13.3.rel1.win32_1.0.0.202411081344/tools/bin/../lib/gcc/arm-none-eabi/13.3.1/thumb/v6-m/nofp\libgcc.a(_dvmd_tls.o)
                0x0800021c                __aeabi_idiv0
                0x0800021c                __aeabi_ldiv0
 *(.text*)
 .text.LL_ADC_SetCommonClock
                0x08000220       0x28 ./Core/Src/adc.o
 .text.LL_ADC_SetCommonFrequencyMode
                0x08000248       0x28 ./Core/Src/adc.o
 .text.LL_ADC_SetCommonPathInternalCh
                0x08000270       0x28 ./Core/Src/adc.o
 .text.LL_ADC_SetClock
                0x08000298       0x22 ./Core/Src/adc.o
 .text.LL_ADC_SetSamplingTimeCommonChannels
                0x080002ba       0x24 ./Core/Src/adc.o
 .text.LL_ADC_REG_SetSequencerScanDirection
                0x080002de       0x24 ./Core/Src/adc.o
 .text.LL_ADC_REG_SetSequencerChAdd
                0x08000302       0x22 ./Core/Src/adc.o
 .text.LL_ADC_SetOverSamplingScope
                0x08000324       0x24 ./Core/Src/adc.o
 .text.LL_ADC_EnableInternalRegulator
                0x08000348       0x28 ./Core/Src/adc.o
 .text.LL_ADC_DisableIT_EOC
                0x08000370       0x1e ./Core/Src/adc.o
 .text.LL_ADC_DisableIT_EOS
                0x0800038e       0x1e ./Core/Src/adc.o
 .text.LL_APB2_GRP1_EnableClock
                0x080003ac       0x2c ./Core/Src/adc.o
 .text.LL_IOP_GRP1_EnableClock
                0x080003d8       0x2c ./Core/Src/adc.o
 .text.MX_ADC_Init
                0x08000404      0x184 ./Core/Src/adc.o
                0x08000404                MX_ADC_Init
 .text.LL_IOP_GRP1_EnableClock
                0x08000588       0x2c ./Core/Src/gpio.o
 .text.LL_SYSCFG_SetEXTISource
                0x080005b4       0x4c ./Core/Src/gpio.o
 .text.LL_GPIO_SetPinMode
                0x08000600       0x38 ./Core/Src/gpio.o
 .text.LL_GPIO_SetPinPull
                0x08000638       0x38 ./Core/Src/gpio.o
 .text.LL_GPIO_ResetOutputPin
                0x08000670       0x18 ./Core/Src/gpio.o
 .text.MX_GPIO_Init
                0x08000688       0xd0 ./Core/Src/gpio.o
                0x08000688                MX_GPIO_Init
 .text.LL_ADC_Enable
                0x08000758       0x24 ./Core/Src/main.o
 .text.LL_RCC_HSE_EnableBypass
                0x0800077c       0x1c ./Core/Src/main.o
 .text.LL_RCC_HSE_Enable
                0x08000798       0x1c ./Core/Src/main.o
 .text.LL_RCC_HSE_IsReady
                0x080007b4       0x28 ./Core/Src/main.o
 .text.LL_RCC_HSI_Enable
                0x080007dc       0x1c ./Core/Src/main.o
 .text.LL_RCC_HSI_IsReady
                0x080007f8       0x20 ./Core/Src/main.o
 .text.LL_RCC_HSI_SetCalibTrimming
                0x08000818       0x2c ./Core/Src/main.o
 .text.LL_RCC_SetSysClkSource
                0x08000844       0x28 ./Core/Src/main.o
 .text.LL_RCC_GetSysClkSource
                0x0800086c       0x18 ./Core/Src/main.o
 .text.LL_RCC_SetAHBPrescaler
                0x08000884       0x28 ./Core/Src/main.o
 .text.LL_RCC_SetAPB1Prescaler
                0x080008ac       0x2c ./Core/Src/main.o
 .text.LL_RCC_SetAPB2Prescaler
                0x080008d8       0x2c ./Core/Src/main.o
 .text.LL_RCC_SetUSARTClockSource
                0x08000904       0x30 ./Core/Src/main.o
 .text.LL_RCC_PLL_Enable
                0x08000934       0x1c ./Core/Src/main.o
 .text.LL_RCC_PLL_IsReady
                0x08000950       0x28 ./Core/Src/main.o
 .text.LL_RCC_PLL_ConfigDomain_SYS
                0x08000978       0x38 ./Core/Src/main.o
 .text.LL_APB1_GRP1_EnableClock
                0x080009b0       0x2c ./Core/Src/main.o
 .text.LL_APB2_GRP1_EnableClock
                0x080009dc       0x2c ./Core/Src/main.o
 .text.LL_FLASH_SetLatency
                0x08000a08       0x28 ./Core/Src/main.o
 .text.LL_FLASH_GetLatency
                0x08000a30       0x18 ./Core/Src/main.o
 .text.LL_SYSTICK_EnableIT
                0x08000a48       0x1c ./Core/Src/main.o
 .text.LL_PWR_SetRegulVoltageScaling
                0x08000a64       0x2c ./Core/Src/main.o
 .text.LL_TIM_EnableCounter
                0x08000a90       0x1c ./Core/Src/main.o
 .text.LL_TIM_CC_EnableChannel
                0x08000aac       0x1e ./Core/Src/main.o
 .text.LL_TIM_OC_SetCompareCH1
                0x08000aca       0x18 ./Core/Src/main.o
 .text.LL_TIM_OC_SetCompareCH2
                0x08000ae2       0x18 ./Core/Src/main.o
 .text.LL_USART_EnableIT_RXNE
                0x08000afa       0x3e ./Core/Src/main.o
 .text.main     0x08000b38       0xac ./Core/Src/main.o
                0x08000b38                main
 .text.SystemClock_Config
                0x08000be4       0xb4 ./Core/Src/main.o
                0x08000be4                SystemClock_Config
 .text.LL_GPIO_TogglePin
                0x08000c98       0x2e ./Core/Src/mainAppStepAuto.o
 *fill*         0x08000cc6        0x2 
 .text.controlLoop
                0x08000cc8       0x40 ./Core/Src/mainAppStepAuto.o
                0x08000cc8                controlLoop
 .text.onNewFrameCommand
                0x08000d08       0x14 ./Core/Src/mainAppStepAuto.o
                0x08000d08                onNewFrameCommand
 .text.onNewFrameByte
                0x08000d1c       0x1a ./Core/Src/mainAppStepAuto.o
                0x08000d1c                onNewFrameByte
 *fill*         0x08000d36        0x2 
 .text.onNewFrameShort
                0x08000d38       0x60 ./Core/Src/mainAppStepAuto.o
                0x08000d38                onNewFrameShort
 .text.onNewFrameInt
                0x08000d98       0x1a ./Core/Src/mainAppStepAuto.o
                0x08000d98                onNewFrameInt
 .text.onNewFrameFloat
                0x08000db2       0x1a ./Core/Src/mainAppStepAuto.o
                0x08000db2                onNewFrameFloat
 .text.mainApp10ms
                0x08000dcc      0x128 ./Core/Src/mainAppStepAuto.o
                0x08000dcc                mainApp10ms
 .text.LL_ADC_REG_SetSequencerChannels
                0x08000ef4       0x1c ./Core/Src/motorControl.o
 .text.LL_ADC_REG_StartConversion
                0x08000f10       0x24 ./Core/Src/motorControl.o
 .text.LL_ADC_REG_ReadConversionData12
                0x08000f34       0x16 ./Core/Src/motorControl.o
 .text.LL_ADC_IsActiveFlag_EOC
                0x08000f4a       0x20 ./Core/Src/motorControl.o
 .text.LL_TIM_OC_SetCompareCH1
                0x08000f6a       0x18 ./Core/Src/motorControl.o
 .text.LL_TIM_OC_SetCompareCH2
                0x08000f82       0x18 ./Core/Src/motorControl.o
 *fill*         0x08000f9a        0x2 
 .text.readADC  0x08000f9c       0x4c ./Core/Src/motorControl.o
                0x08000f9c                readADC
 .text.setMotor
                0x08000fe8       0xac ./Core/Src/motorControl.o
                0x08000fe8                setMotor
 .text.protocolMain
                0x08001094       0x26 ./Core/Src/motorControl.o
                0x08001094                protocolMain
 .text.writeByte
                0x080010ba       0x44 ./Core/Src/protocol.o
                0x080010ba                writeByte
 .text.writeShort
                0x080010fe       0x36 ./Core/Src/protocol.o
                0x080010fe                writeShort
 .text.writeInt
                0x08001134       0x46 ./Core/Src/protocol.o
                0x08001134                writeInt
 .text.writeFloat
                0x0800117a       0x46 ./Core/Src/protocol.o
                0x0800117a                writeFloat
 .text.writeFrameStart
                0x080011c0       0x10 ./Core/Src/protocol.o
                0x080011c0                writeFrameStart
 .text.writeFrameStop
                0x080011d0       0x10 ./Core/Src/protocol.o
                0x080011d0                writeFrameStop
 .text.writeFrame
                0x080011e0       0x2c ./Core/Src/protocol.o
                0x080011e0                writeFrame
 .text.writeFrameByte
                0x0800120c       0x56 ./Core/Src/protocol.o
                0x0800120c                writeFrameByte
 .text.writeFrameShort
                0x08001262       0x58 ./Core/Src/protocol.o
                0x08001262                writeFrameShort
 .text.writeFrameInt
                0x080012ba       0x56 ./Core/Src/protocol.o
                0x080012ba                writeFrameInt
 .text.writeFrameFloat
                0x08001310       0x56 ./Core/Src/protocol.o
                0x08001310                writeFrameFloat
 *fill*         0x08001366        0x2 
 .text.onReceiveCar
                0x08001368      0x33c ./Core/Src/protocol.o
                0x08001368                onReceiveCar
 .text.RetargetInit
                0x080016a4       0x30 ./Core/Src/retarget.o
                0x080016a4                RetargetInit
 .text._write   0x080016d4       0x56 ./Core/Src/retarget.o
                0x080016d4                _write
 .text._close   0x0800172a       0x2e ./Core/Src/retarget.o
                0x0800172a                _close
 .text._lseek   0x08001758       0x22 ./Core/Src/retarget.o
                0x08001758                _lseek
 .text._read    0x0800177a       0x4e ./Core/Src/retarget.o
                0x0800177a                _read
 .text._fstat   0x080017c8       0x36 ./Core/Src/retarget.o
                0x080017c8                _fstat
 .text.LL_USART_IsActiveFlag_ORE
                0x080017fe       0x22 ./Core/Src/stm32l0xx_it.o
 .text.LL_USART_IsActiveFlag_RXNE
                0x08001820       0x22 ./Core/Src/stm32l0xx_it.o
 .text.LL_USART_IsActiveFlag_TXE
                0x08001842       0x22 ./Core/Src/stm32l0xx_it.o
 .text.LL_USART_ClearFlag_ORE
                0x08001864       0x16 ./Core/Src/stm32l0xx_it.o
 .text.LL_USART_ReceiveData8
                0x0800187a       0x16 ./Core/Src/stm32l0xx_it.o
 .text.LL_USART_TransmitData8
                0x08001890       0x1e ./Core/Src/stm32l0xx_it.o
 .text.NMI_Handler
                0x080018ae        0x8 ./Core/Src/stm32l0xx_it.o
                0x080018ae                NMI_Handler
 .text.HardFault_Handler
                0x080018b6        0x8 ./Core/Src/stm32l0xx_it.o
                0x080018b6                HardFault_Handler
 .text.SVC_Handler
                0x080018be        0xa ./Core/Src/stm32l0xx_it.o
                0x080018be                SVC_Handler
 .text.PendSV_Handler
                0x080018c8        0xa ./Core/Src/stm32l0xx_it.o
                0x080018c8                PendSV_Handler
 *fill*         0x080018d2        0x2 
 .text.SysTick_Handler
                0x080018d4       0x18 ./Core/Src/stm32l0xx_it.o
                0x080018d4                SysTick_Handler
 .text.USART2_IRQHandler
                0x080018ec       0x40 ./Core/Src/stm32l0xx_it.o
                0x080018ec                USART2_IRQHandler
 .text.rxFifoInit
                0x0800192c       0x20 ./Core/Src/stm32l0xx_it.o
                0x0800192c                rxFifoInit
 .text.rxFifoWrite
                0x0800194c       0x54 ./Core/Src/stm32l0xx_it.o
                0x0800194c                rxFifoWrite
 .text.rxFifoRead
                0x080019a0       0x5c ./Core/Src/stm32l0xx_it.o
                0x080019a0                rxFifoRead
 .text.getchInit
                0x080019fc        0xa ./Core/Src/stm32l0xx_it.o
                0x080019fc                getchInit
 *fill*         0x08001a06        0x2 
 .text.serialWrite
                0x08001a08       0x34 ./Core/Src/stm32l0xx_it.o
                0x08001a08                serialWrite
 .text._sbrk    0x08001a3c       0x6c ./Core/Src/sysmem.o
                0x08001a3c                _sbrk
 .text.SystemInit
                0x08001aa8        0xa ./Core/Src/system_stm32l0xx.o
                0x08001aa8                SystemInit
 *fill*         0x08001ab2        0x2 
 .text.LL_APB2_GRP1_EnableClock
                0x08001ab4       0x2c ./Core/Src/tim.o
 .text.LL_IOP_GRP1_EnableClock
                0x08001ae0       0x2c ./Core/Src/tim.o
 .text.LL_TIM_DisableARRPreload
                0x08001b0c       0x1e ./Core/Src/tim.o
 *fill*         0x08001b2a        0x2 
 .text.LL_TIM_OC_DisableFast
                0x08001b2c       0x70 ./Core/Src/tim.o
 .text.LL_TIM_OC_EnablePreload
                0x08001b9c       0x70 ./Core/Src/tim.o
 .text.LL_TIM_SetClockSource
                0x08001c0c       0x28 ./Core/Src/tim.o
 .text.LL_TIM_SetTriggerOutput
                0x08001c34       0x24 ./Core/Src/tim.o
 .text.LL_TIM_DisableMasterSlaveMode
                0x08001c58       0x1e ./Core/Src/tim.o
 *fill*         0x08001c76        0x2 
 .text.MX_TIM22_Init
                0x08001c78      0x154 ./Core/Src/tim.o
                0x08001c78                MX_TIM22_Init
 .text.__NVIC_EnableIRQ
                0x08001dcc       0x34 ./Core/Src/usart.o
 .text.__NVIC_SetPriority
                0x08001e00       0xdc ./Core/Src/usart.o
 .text.LL_APB1_GRP1_EnableClock
                0x08001edc       0x2c ./Core/Src/usart.o
 .text.LL_IOP_GRP1_EnableClock
                0x08001f08       0x2c ./Core/Src/usart.o
 .text.LL_USART_Enable
                0x08001f34       0x1c ./Core/Src/usart.o
 .text.LL_USART_ConfigAsyncMode
                0x08001f50       0x30 ./Core/Src/usart.o
 .text.MX_USART2_UART_Init
                0x08001f80       0xfc ./Core/Src/usart.o
                0x08001f80                MX_USART2_UART_Init
 .text.Reset_Handler
                0x0800207c       0x50 ./Core/Startup/startup_stm32l053r8tx.o
                0x0800207c                Reset_Handler
 .text.Default_Handler
                0x080020cc        0x2 ./Core/Startup/startup_stm32l053r8tx.o
                0x080020cc                TSC_IRQHandler
                0x080020cc                ADC1_COMP_IRQHandler
                0x080020cc                PVD_IRQHandler
                0x080020cc                I2C1_IRQHandler
                0x080020cc                RCC_CRS_IRQHandler
                0x080020cc                SPI1_IRQHandler
                0x080020cc                TIM6_DAC_IRQHandler
                0x080020cc                EXTI2_3_IRQHandler
                0x080020cc                I2C2_IRQHandler
                0x080020cc                RTC_IRQHandler
                0x080020cc                LCD_IRQHandler
                0x080020cc                DMA1_Channel4_5_6_7_IRQHandler
                0x080020cc                EXTI4_15_IRQHandler
                0x080020cc                DMA1_Channel1_IRQHandler
                0x080020cc                Default_Handler
                0x080020cc                TIM22_IRQHandler
                0x080020cc                EXTI0_1_IRQHandler
                0x080020cc                USB_IRQHandler
                0x080020cc                SPI2_IRQHandler
                0x080020cc                TIM21_IRQHandler
                0x080020cc                WWDG_IRQHandler
                0x080020cc                TIM2_IRQHandler
                0x080020cc                DMA1_Channel2_3_IRQHandler
                0x080020cc                FLASH_IRQHandler
                0x080020cc                USART1_IRQHandler
                0x080020cc                RNG_LPUART1_IRQHandler
                0x080020cc                LPTIM1_IRQHandler
 .text.LL_ADC_IsEnabled
                0x080020ce       0x20 ./Drivers/STM32L0xx_HAL_Driver/Src/stm32l0xx_ll_adc.o
 *fill*         0x080020ee        0x2 
 .text.LL_ADC_Init
                0x080020f0       0x6c ./Drivers/STM32L0xx_HAL_Driver/Src/stm32l0xx_ll_adc.o
                0x080020f0                LL_ADC_Init
 .text.LL_ADC_REG_Init
                0x0800215c       0x64 ./Drivers/STM32L0xx_HAL_Driver/Src/stm32l0xx_ll_adc.o
                0x0800215c                LL_ADC_REG_Init
 .text.LL_EXTI_EnableIT_0_31
                0x080021c0       0x20 ./Drivers/STM32L0xx_HAL_Driver/Src/stm32l0xx_ll_exti.o
 .text.LL_EXTI_DisableIT_0_31
                0x080021e0       0x24 ./Drivers/STM32L0xx_HAL_Driver/Src/stm32l0xx_ll_exti.o
 .text.LL_EXTI_EnableEvent_0_31
                0x08002204       0x20 ./Drivers/STM32L0xx_HAL_Driver/Src/stm32l0xx_ll_exti.o
 .text.LL_EXTI_DisableEvent_0_31
                0x08002224       0x24 ./Drivers/STM32L0xx_HAL_Driver/Src/stm32l0xx_ll_exti.o
 .text.LL_EXTI_EnableRisingTrig_0_31
                0x08002248       0x20 ./Drivers/STM32L0xx_HAL_Driver/Src/stm32l0xx_ll_exti.o
 .text.LL_EXTI_DisableRisingTrig_0_31
                0x08002268       0x24 ./Drivers/STM32L0xx_HAL_Driver/Src/stm32l0xx_ll_exti.o
 .text.LL_EXTI_EnableFallingTrig_0_31
                0x0800228c       0x20 ./Drivers/STM32L0xx_HAL_Driver/Src/stm32l0xx_ll_exti.o
 .text.LL_EXTI_DisableFallingTrig_0_31
                0x080022ac       0x24 ./Drivers/STM32L0xx_HAL_Driver/Src/stm32l0xx_ll_exti.o
 .text.LL_EXTI_Init
                0x080022d0      0x10e ./Drivers/STM32L0xx_HAL_Driver/Src/stm32l0xx_ll_exti.o
                0x080022d0                LL_EXTI_Init
 .text.LL_GPIO_SetPinMode
                0x080023de       0x38 ./Drivers/STM32L0xx_HAL_Driver/Src/stm32l0xx_ll_gpio.o
 .text.LL_GPIO_SetPinOutputType
                0x08002416       0x2a ./Drivers/STM32L0xx_HAL_Driver/Src/stm32l0xx_ll_gpio.o
 .text.LL_GPIO_SetPinSpeed
                0x08002440       0x38 ./Drivers/STM32L0xx_HAL_Driver/Src/stm32l0xx_ll_gpio.o
 .text.LL_GPIO_SetPinPull
                0x08002478       0x38 ./Drivers/STM32L0xx_HAL_Driver/Src/stm32l0xx_ll_gpio.o
 .text.LL_GPIO_SetAFPin_0_7
                0x080024b0       0x46 ./Drivers/STM32L0xx_HAL_Driver/Src/stm32l0xx_ll_gpio.o
 .text.LL_GPIO_SetAFPin_8_15
                0x080024f6       0x5a ./Drivers/STM32L0xx_HAL_Driver/Src/stm32l0xx_ll_gpio.o
 .text.LL_GPIO_Init
                0x08002550       0xbc ./Drivers/STM32L0xx_HAL_Driver/Src/stm32l0xx_ll_gpio.o
                0x08002550                LL_GPIO_Init
 .text.LL_RCC_HSI_IsReady
                0x0800260c       0x20 ./Drivers/STM32L0xx_HAL_Driver/Src/stm32l0xx_ll_rcc.o
 .text.LL_RCC_LSE_IsReady
                0x0800262c       0x28 ./Drivers/STM32L0xx_HAL_Driver/Src/stm32l0xx_ll_rcc.o
 .text.LL_RCC_MSI_GetRange
                0x08002654       0x18 ./Drivers/STM32L0xx_HAL_Driver/Src/stm32l0xx_ll_rcc.o
 .text.LL_RCC_GetSysClkSource
                0x0800266c       0x18 ./Drivers/STM32L0xx_HAL_Driver/Src/stm32l0xx_ll_rcc.o
 .text.LL_RCC_GetAHBPrescaler
                0x08002684       0x18 ./Drivers/STM32L0xx_HAL_Driver/Src/stm32l0xx_ll_rcc.o
 .text.LL_RCC_GetAPB1Prescaler
                0x0800269c       0x18 ./Drivers/STM32L0xx_HAL_Driver/Src/stm32l0xx_ll_rcc.o
 .text.LL_RCC_GetAPB2Prescaler
                0x080026b4       0x18 ./Drivers/STM32L0xx_HAL_Driver/Src/stm32l0xx_ll_rcc.o
 .text.LL_RCC_GetUSARTClockSource
                0x080026cc       0x24 ./Drivers/STM32L0xx_HAL_Driver/Src/stm32l0xx_ll_rcc.o
 .text.LL_RCC_PLL_GetMainSource
                0x080026f0       0x18 ./Drivers/STM32L0xx_HAL_Driver/Src/stm32l0xx_ll_rcc.o
 .text.LL_RCC_PLL_GetMultiplicator
                0x08002708       0x18 ./Drivers/STM32L0xx_HAL_Driver/Src/stm32l0xx_ll_rcc.o
 .text.LL_RCC_PLL_GetDivider
                0x08002720       0x18 ./Drivers/STM32L0xx_HAL_Driver/Src/stm32l0xx_ll_rcc.o
 .text.LL_RCC_IsActiveFlag_HSIDIV
                0x08002738       0x20 ./Drivers/STM32L0xx_HAL_Driver/Src/stm32l0xx_ll_rcc.o
 .text.LL_RCC_GetUSARTClockFreq
                0x08002758      0x138 ./Drivers/STM32L0xx_HAL_Driver/Src/stm32l0xx_ll_rcc.o
                0x08002758                LL_RCC_GetUSARTClockFreq
 .text.RCC_GetSystemClockFreq
                0x08002890       0x88 ./Drivers/STM32L0xx_HAL_Driver/Src/stm32l0xx_ll_rcc.o
 .text.RCC_GetHCLKClockFreq
                0x08002918       0x2c ./Drivers/STM32L0xx_HAL_Driver/Src/stm32l0xx_ll_rcc.o
 .text.RCC_GetPCLK1ClockFreq
                0x08002944       0x28 ./Drivers/STM32L0xx_HAL_Driver/Src/stm32l0xx_ll_rcc.o
 .text.RCC_GetPCLK2ClockFreq
                0x0800296c       0x28 ./Drivers/STM32L0xx_HAL_Driver/Src/stm32l0xx_ll_rcc.o
 .text.RCC_PLL_GetFreqDomain_SYS
                0x08002994       0x70 ./Drivers/STM32L0xx_HAL_Driver/Src/stm32l0xx_ll_rcc.o
 .text.LL_TIM_SetPrescaler
                0x08002a04       0x18 ./Drivers/STM32L0xx_HAL_Driver/Src/stm32l0xx_ll_tim.o
 .text.LL_TIM_SetAutoReload
                0x08002a1c       0x18 ./Drivers/STM32L0xx_HAL_Driver/Src/stm32l0xx_ll_tim.o
 .text.LL_TIM_OC_SetCompareCH1
                0x08002a34       0x18 ./Drivers/STM32L0xx_HAL_Driver/Src/stm32l0xx_ll_tim.o
 .text.LL_TIM_OC_SetCompareCH2
                0x08002a4c       0x18 ./Drivers/STM32L0xx_HAL_Driver/Src/stm32l0xx_ll_tim.o
 .text.LL_TIM_OC_SetCompareCH3
                0x08002a64       0x18 ./Drivers/STM32L0xx_HAL_Driver/Src/stm32l0xx_ll_tim.o
 .text.LL_TIM_OC_SetCompareCH4
                0x08002a7c       0x18 ./Drivers/STM32L0xx_HAL_Driver/Src/stm32l0xx_ll_tim.o
 .text.LL_TIM_GenerateEvent_UPDATE
                0x08002a94       0x1c ./Drivers/STM32L0xx_HAL_Driver/Src/stm32l0xx_ll_tim.o
 .text.LL_TIM_Init
                0x08002ab0       0xa4 ./Drivers/STM32L0xx_HAL_Driver/Src/stm32l0xx_ll_tim.o
                0x08002ab0                LL_TIM_Init
 .text.LL_TIM_OC_Init
                0x08002b54       0xb2 ./Drivers/STM32L0xx_HAL_Driver/Src/stm32l0xx_ll_tim.o
                0x08002b54                LL_TIM_OC_Init
 .text.OC1Config
                0x08002c06       0x8c ./Drivers/STM32L0xx_HAL_Driver/Src/stm32l0xx_ll_tim.o
 *fill*         0x08002c92        0x2 
 .text.OC2Config
                0x08002c94       0x98 ./Drivers/STM32L0xx_HAL_Driver/Src/stm32l0xx_ll_tim.o
 .text.OC3Config
                0x08002d2c       0x94 ./Drivers/STM32L0xx_HAL_Driver/Src/stm32l0xx_ll_tim.o
 .text.OC4Config
                0x08002dc0       0x9c ./Drivers/STM32L0xx_HAL_Driver/Src/stm32l0xx_ll_tim.o
 .text.LL_USART_IsEnabled
                0x08002e5c       0x22 ./Drivers/STM32L0xx_HAL_Driver/Src/stm32l0xx_ll_usart.o
 *fill*         0x08002e7e        0x2 
 .text.LL_USART_SetStopBitsLength
                0x08002e80       0x28 ./Drivers/STM32L0xx_HAL_Driver/Src/stm32l0xx_ll_usart.o
 .text.LL_USART_SetHWFlowCtrl
                0x08002ea8       0x28 ./Drivers/STM32L0xx_HAL_Driver/Src/stm32l0xx_ll_usart.o
 .text.LL_USART_SetBaudRate
                0x08002ed0       0x78 ./Drivers/STM32L0xx_HAL_Driver/Src/stm32l0xx_ll_usart.o
 .text.LL_USART_Init
                0x08002f48       0xc8 ./Drivers/STM32L0xx_HAL_Driver/Src/stm32l0xx_ll_usart.o
                0x08002f48                LL_USART_Init
 .text.LL_InitTick
                0x08003010       0x34 ./Drivers/STM32L0xx_HAL_Driver/Src/stm32l0xx_ll_utils.o
 .text.LL_Init1msTick
                0x08003044       0x1e ./Drivers/STM32L0xx_HAL_Driver/Src/stm32l0xx_ll_utils.o
                0x08003044                LL_Init1msTick
 *fill*         0x08003062        0x2 
 .text.LL_SetSystemCoreClock
                0x08003064       0x1c ./Drivers/STM32L0xx_HAL_Driver/Src/stm32l0xx_ll_utils.o
                0x08003064                LL_SetSystemCoreClock
 .text.std      0x08003080       0x6c C:/ST/STM32CubeIDE_1.16.1/STM32CubeIDE/plugins/com.st.stm32cube.ide.mcu.externaltools.gnu-tools-for-stm32.13.3.rel1.win32_1.0.0.202411081344/tools/bin/../lib/gcc/arm-none-eabi/13.3.1/../../../../arm-none-eabi/lib/thumb/v6-m/nofp\libc_nano.a(libc_a-findfp.o)
 .text.stdio_exit_handler
                0x080030ec       0x1c C:/ST/STM32CubeIDE_1.16.1/STM32CubeIDE/plugins/com.st.stm32cube.ide.mcu.externaltools.gnu-tools-for-stm32.13.3.rel1.win32_1.0.0.202411081344/tools/bin/../lib/gcc/arm-none-eabi/13.3.1/../../../../arm-none-eabi/lib/thumb/v6-m/nofp\libc_nano.a(libc_a-findfp.o)
 .text.cleanup_stdio
                0x08003108       0x3c C:/ST/STM32CubeIDE_1.16.1/STM32CubeIDE/plugins/com.st.stm32cube.ide.mcu.externaltools.gnu-tools-for-stm32.13.3.rel1.win32_1.0.0.202411081344/tools/bin/../lib/gcc/arm-none-eabi/13.3.1/../../../../arm-none-eabi/lib/thumb/v6-m/nofp\libc_nano.a(libc_a-findfp.o)
 .text.global_stdio_init.part.0
                0x08003144       0x3c C:/ST/STM32CubeIDE_1.16.1/STM32CubeIDE/plugins/com.st.stm32cube.ide.mcu.externaltools.gnu-tools-for-stm32.13.3.rel1.win32_1.0.0.202411081344/tools/bin/../lib/gcc/arm-none-eabi/13.3.1/../../../../arm-none-eabi/lib/thumb/v6-m/nofp\libc_nano.a(libc_a-findfp.o)
 .text.__sfp_lock_acquire
                0x08003180       0x10 C:/ST/STM32CubeIDE_1.16.1/STM32CubeIDE/plugins/com.st.stm32cube.ide.mcu.externaltools.gnu-tools-for-stm32.13.3.rel1.win32_1.0.0.202411081344/tools/bin/../lib/gcc/arm-none-eabi/13.3.1/../../../../arm-none-eabi/lib/thumb/v6-m/nofp\libc_nano.a(libc_a-findfp.o)
                0x08003180                __sfp_lock_acquire
 .text.__sfp_lock_release
                0x08003190       0x10 C:/ST/STM32CubeIDE_1.16.1/STM32CubeIDE/plugins/com.st.stm32cube.ide.mcu.externaltools.gnu-tools-for-stm32.13.3.rel1.win32_1.0.0.202411081344/tools/bin/../lib/gcc/arm-none-eabi/13.3.1/../../../../arm-none-eabi/lib/thumb/v6-m/nofp\libc_nano.a(libc_a-findfp.o)
                0x08003190                __sfp_lock_release
 .text.__sinit  0x080031a0       0x30 C:/ST/STM32CubeIDE_1.16.1/STM32CubeIDE/plugins/com.st.stm32cube.ide.mcu.externaltools.gnu-tools-for-stm32.13.3.rel1.win32_1.0.0.202411081344/tools/bin/../lib/gcc/arm-none-eabi/13.3.1/../../../../arm-none-eabi/lib/thumb/v6-m/nofp\libc_nano.a(libc_a-findfp.o)
                0x080031a0                __sinit
 .text._fwalk_sglue
                0x080031d0       0x38 C:/ST/STM32CubeIDE_1.16.1/STM32CubeIDE/plugins/com.st.stm32cube.ide.mcu.externaltools.gnu-tools-for-stm32.13.3.rel1.win32_1.0.0.202411081344/tools/bin/../lib/gcc/arm-none-eabi/13.3.1/../../../../arm-none-eabi/lib/thumb/v6-m/nofp\libc_nano.a(libc_a-fwalk.o)
                0x080031d0                _fwalk_sglue
 .text.setvbuf  0x08003208      0x16c C:/ST/STM32CubeIDE_1.16.1/STM32CubeIDE/plugins/com.st.stm32cube.ide.mcu.externaltools.gnu-tools-for-stm32.13.3.rel1.win32_1.0.0.202411081344/tools/bin/../lib/gcc/arm-none-eabi/13.3.1/../../../../arm-none-eabi/lib/thumb/v6-m/nofp\libc_nano.a(libc_a-setvbuf.o)
                0x08003208                setvbuf
 .text.__sread  0x08003374       0x28 C:/ST/STM32CubeIDE_1.16.1/STM32CubeIDE/plugins/com.st.stm32cube.ide.mcu.externaltools.gnu-tools-for-stm32.13.3.rel1.win32_1.0.0.202411081344/tools/bin/../lib/gcc/arm-none-eabi/13.3.1/../../../../arm-none-eabi/lib/thumb/v6-m/nofp\libc_nano.a(libc_a-stdio.o)
                0x08003374                __sread
 .text.__swrite
                0x0800339c       0x38 C:/ST/STM32CubeIDE_1.16.1/STM32CubeIDE/plugins/com.st.stm32cube.ide.mcu.externaltools.gnu-tools-for-stm32.13.3.rel1.win32_1.0.0.202411081344/tools/bin/../lib/gcc/arm-none-eabi/13.3.1/../../../../arm-none-eabi/lib/thumb/v6-m/nofp\libc_nano.a(libc_a-stdio.o)
                0x0800339c                __swrite
 .text.__sseek  0x080033d4       0x2c C:/ST/STM32CubeIDE_1.16.1/STM32CubeIDE/plugins/com.st.stm32cube.ide.mcu.externaltools.gnu-tools-for-stm32.13.3.rel1.win32_1.0.0.202411081344/tools/bin/../lib/gcc/arm-none-eabi/13.3.1/../../../../arm-none-eabi/lib/thumb/v6-m/nofp\libc_nano.a(libc_a-stdio.o)
                0x080033d4                __sseek
 .text.__sclose
                0x08003400        0xc C:/ST/STM32CubeIDE_1.16.1/STM32CubeIDE/plugins/com.st.stm32cube.ide.mcu.externaltools.gnu-tools-for-stm32.13.3.rel1.win32_1.0.0.202411081344/tools/bin/../lib/gcc/arm-none-eabi/13.3.1/../../../../arm-none-eabi/lib/thumb/v6-m/nofp\libc_nano.a(libc_a-stdio.o)
                0x08003400                __sclose
 .text.memset   0x0800340c       0x10 C:/ST/STM32CubeIDE_1.16.1/STM32CubeIDE/plugins/com.st.stm32cube.ide.mcu.externaltools.gnu-tools-for-stm32.13.3.rel1.win32_1.0.0.202411081344/tools/bin/../lib/gcc/arm-none-eabi/13.3.1/../../../../arm-none-eabi/lib/thumb/v6-m/nofp\libc_nano.a(libc_a-memset.o)
                0x0800340c                memset
 .text._close_r
                0x0800341c       0x24 C:/ST/STM32CubeIDE_1.16.1/STM32CubeIDE/plugins/com.st.stm32cube.ide.mcu.externaltools.gnu-tools-for-stm32.13.3.rel1.win32_1.0.0.202411081344/tools/bin/../lib/gcc/arm-none-eabi/13.3.1/../../../../arm-none-eabi/lib/thumb/v6-m/nofp\libc_nano.a(libc_a-closer.o)
                0x0800341c                _close_r
 .text._lseek_r
                0x08003440       0x28 C:/ST/STM32CubeIDE_1.16.1/STM32CubeIDE/plugins/com.st.stm32cube.ide.mcu.externaltools.gnu-tools-for-stm32.13.3.rel1.win32_1.0.0.202411081344/tools/bin/../lib/gcc/arm-none-eabi/13.3.1/../../../../arm-none-eabi/lib/thumb/v6-m/nofp\libc_nano.a(libc_a-lseekr.o)
                0x08003440                _lseek_r
 .text._read_r  0x08003468       0x28 C:/ST/STM32CubeIDE_1.16.1/STM32CubeIDE/plugins/com.st.stm32cube.ide.mcu.externaltools.gnu-tools-for-stm32.13.3.rel1.win32_1.0.0.202411081344/tools/bin/../lib/gcc/arm-none-eabi/13.3.1/../../../../arm-none-eabi/lib/thumb/v6-m/nofp\libc_nano.a(libc_a-readr.o)
                0x08003468                _read_r
 .text._write_r
                0x08003490       0x28 C:/ST/STM32CubeIDE_1.16.1/STM32CubeIDE/plugins/com.st.stm32cube.ide.mcu.externaltools.gnu-tools-for-stm32.13.3.rel1.win32_1.0.0.202411081344/tools/bin/../lib/gcc/arm-none-eabi/13.3.1/../../../../arm-none-eabi/lib/thumb/v6-m/nofp\libc_nano.a(libc_a-writer.o)
                0x08003490                _write_r
 .text.__errno  0x080034b8        0xc C:/ST/STM32CubeIDE_1.16.1/STM32CubeIDE/plugins/com.st.stm32cube.ide.mcu.externaltools.gnu-tools-for-stm32.13.3.rel1.win32_1.0.0.202411081344/tools/bin/../lib/gcc/arm-none-eabi/13.3.1/../../../../arm-none-eabi/lib/thumb/v6-m/nofp\libc_nano.a(libc_a-errno.o)
                0x080034b8                __errno
 .text.__libc_init_array
                0x080034c4       0x48 C:/ST/STM32CubeIDE_1.16.1/STM32CubeIDE/plugins/com.st.stm32cube.ide.mcu.externaltools.gnu-tools-for-stm32.13.3.rel1.win32_1.0.0.202411081344/tools/bin/../lib/gcc/arm-none-eabi/13.3.1/../../../../arm-none-eabi/lib/thumb/v6-m/nofp\libc_nano.a(libc_a-init.o)
                0x080034c4                __libc_init_array
 .text.__retarget_lock_init_recursive
                0x0800350c        0x2 C:/ST/STM32CubeIDE_1.16.1/STM32CubeIDE/plugins/com.st.stm32cube.ide.mcu.externaltools.gnu-tools-for-stm32.13.3.rel1.win32_1.0.0.202411081344/tools/bin/../lib/gcc/arm-none-eabi/13.3.1/../../../../arm-none-eabi/lib/thumb/v6-m/nofp\libc_nano.a(libc_a-lock.o)
                0x0800350c                __retarget_lock_init_recursive
 .text.__retarget_lock_acquire_recursive
                0x0800350e        0x2 C:/ST/STM32CubeIDE_1.16.1/STM32CubeIDE/plugins/com.st.stm32cube.ide.mcu.externaltools.gnu-tools-for-stm32.13.3.rel1.win32_1.0.0.202411081344/tools/bin/../lib/gcc/arm-none-eabi/13.3.1/../../../../arm-none-eabi/lib/thumb/v6-m/nofp\libc_nano.a(libc_a-lock.o)
                0x0800350e                __retarget_lock_acquire_recursive
 .text.__retarget_lock_release_recursive
                0x08003510        0x2 C:/ST/STM32CubeIDE_1.16.1/STM32CubeIDE/plugins/com.st.stm32cube.ide.mcu.externaltools.gnu-tools-for-stm32.13.3.rel1.win32_1.0.0.202411081344/tools/bin/../lib/gcc/arm-none-eabi/13.3.1/../../../../arm-none-eabi/lib/thumb/v6-m/nofp\libc_nano.a(libc_a-lock.o)
                0x08003510                __retarget_lock_release_recursive
 *fill*         0x08003512        0x2 
 .text._free_r  0x08003514       0x94 C:/ST/STM32CubeIDE_1.16.1/STM32CubeIDE/plugins/com.st.stm32cube.ide.mcu.externaltools.gnu-tools-for-stm32.13.3.rel1.win32_1.0.0.202411081344/tools/bin/../lib/gcc/arm-none-eabi/13.3.1/../../../../arm-none-eabi/lib/thumb/v6-m/nofp\libc_nano.a(libc_a-freer.o)
                0x08003514                _free_r
 .text.malloc   0x080035a8       0x14 C:/ST/STM32CubeIDE_1.16.1/STM32CubeIDE/plugins/com.st.stm32cube.ide.mcu.externaltools.gnu-tools-for-stm32.13.3.rel1.win32_1.0.0.202411081344/tools/bin/../lib/gcc/arm-none-eabi/13.3.1/../../../../arm-none-eabi/lib/thumb/v6-m/nofp\libc_nano.a(libc_a-malloc.o)
                0x080035a8                malloc
 .text.sbrk_aligned
                0x080035bc       0x44 C:/ST/STM32CubeIDE_1.16.1/STM32CubeIDE/plugins/com.st.stm32cube.ide.mcu.externaltools.gnu-tools-for-stm32.13.3.rel1.win32_1.0.0.202411081344/tools/bin/../lib/gcc/arm-none-eabi/13.3.1/../../../../arm-none-eabi/lib/thumb/v6-m/nofp\libc_nano.a(libc_a-mallocr.o)
 .text._malloc_r
                0x08003600      0x100 C:/ST/STM32CubeIDE_1.16.1/STM32CubeIDE/plugins/com.st.stm32cube.ide.mcu.externaltools.gnu-tools-for-stm32.13.3.rel1.win32_1.0.0.202411081344/tools/bin/../lib/gcc/arm-none-eabi/13.3.1/../../../../arm-none-eabi/lib/thumb/v6-m/nofp\libc_nano.a(libc_a-mallocr.o)
                0x08003600                _malloc_r
 .text.__malloc_lock
                0x08003700       0x10 C:/ST/STM32CubeIDE_1.16.1/STM32CubeIDE/plugins/com.st.stm32cube.ide.mcu.externaltools.gnu-tools-for-stm32.13.3.rel1.win32_1.0.0.202411081344/tools/bin/../lib/gcc/arm-none-eabi/13.3.1/../../../../arm-none-eabi/lib/thumb/v6-m/nofp\libc_nano.a(libc_a-mlock.o)
                0x08003700                __malloc_lock
 .text.__malloc_unlock
                0x08003710       0x10 C:/ST/STM32CubeIDE_1.16.1/STM32CubeIDE/plugins/com.st.stm32cube.ide.mcu.externaltools.gnu-tools-for-stm32.13.3.rel1.win32_1.0.0.202411081344/tools/bin/../lib/gcc/arm-none-eabi/13.3.1/../../../../arm-none-eabi/lib/thumb/v6-m/nofp\libc_nano.a(libc_a-mlock.o)
                0x08003710                __malloc_unlock
 .text.__sflush_r
                0x08003720      0x10c C:/ST/STM32CubeIDE_1.16.1/STM32CubeIDE/plugins/com.st.stm32cube.ide.mcu.externaltools.gnu-tools-for-stm32.13.3.rel1.win32_1.0.0.202411081344/tools/bin/../lib/gcc/arm-none-eabi/13.3.1/../../../../arm-none-eabi/lib/thumb/v6-m/nofp\libc_nano.a(libc_a-fflush.o)
                0x08003720                __sflush_r
 .text._fflush_r
                0x0800382c       0x56 C:/ST/STM32CubeIDE_1.16.1/STM32CubeIDE/plugins/com.st.stm32cube.ide.mcu.externaltools.gnu-tools-for-stm32.13.3.rel1.win32_1.0.0.202411081344/tools/bin/../lib/gcc/arm-none-eabi/13.3.1/../../../../arm-none-eabi/lib/thumb/v6-m/nofp\libc_nano.a(libc_a-fflush.o)
                0x0800382c                _fflush_r
 *fill*         0x08003882        0x2 
 .text.__swhatbuf_r
                0x08003884       0x54 C:/ST/STM32CubeIDE_1.16.1/STM32CubeIDE/plugins/com.st.stm32cube.ide.mcu.externaltools.gnu-tools-for-stm32.13.3.rel1.win32_1.0.0.202411081344/tools/bin/../lib/gcc/arm-none-eabi/13.3.1/../../../../arm-none-eabi/lib/thumb/v6-m/nofp\libc_nano.a(libc_a-makebuf.o)
                0x08003884                __swhatbuf_r
 .text._fstat_r
                0x080038d8       0x24 C:/ST/STM32CubeIDE_1.16.1/STM32CubeIDE/plugins/com.st.stm32cube.ide.mcu.externaltools.gnu-tools-for-stm32.13.3.rel1.win32_1.0.0.202411081344/tools/bin/../lib/gcc/arm-none-eabi/13.3.1/../../../../arm-none-eabi/lib/thumb/v6-m/nofp\libc_nano.a(libc_a-fstatr.o)
                0x080038d8                _fstat_r
 .text._sbrk_r  0x080038fc       0x24 C:/ST/STM32CubeIDE_1.16.1/STM32CubeIDE/plugins/com.st.stm32cube.ide.mcu.externaltools.gnu-tools-for-stm32.13.3.rel1.win32_1.0.0.202411081344/tools/bin/../lib/gcc/arm-none-eabi/13.3.1/../../../../arm-none-eabi/lib/thumb/v6-m/nofp\libc_nano.a(libc_a-sbrkr.o)
                0x080038fc                _sbrk_r
 *(.glue_7)
 .glue_7        0x08003920        0x0 linker stubs
 *(.glue_7t)
 .glue_7t       0x08003920        0x0 linker stubs
 *(.eh_frame)
 .eh_frame      0x08003920        0x0 C:/ST/STM32CubeIDE_1.16.1/STM32CubeIDE/plugins/com.st.stm32cube.ide.mcu.externaltools.gnu-tools-for-stm32.13.3.rel1.win32_1.0.0.202411081344/tools/bin/../lib/gcc/arm-none-eabi/13.3.1/thumb/v6-m/nofp/crtbegin.o
 *(.init)
 .init          0x08003920        0x4 C:/ST/STM32CubeIDE_1.16.1/STM32CubeIDE/plugins/com.st.stm32cube.ide.mcu.externaltools.gnu-tools-for-stm32.13.3.rel1.win32_1.0.0.202411081344/tools/bin/../lib/gcc/arm-none-eabi/13.3.1/thumb/v6-m/nofp/crti.o
                0x08003920                _init
 .init          0x08003924        0x8 C:/ST/STM32CubeIDE_1.16.1/STM32CubeIDE/plugins/com.st.stm32cube.ide.mcu.externaltools.gnu-tools-for-stm32.13.3.rel1.win32_1.0.0.202411081344/tools/bin/../lib/gcc/arm-none-eabi/13.3.1/thumb/v6-m/nofp/crtn.o
 *(.fini)
 .fini          0x0800392c        0x4 C:/ST/STM32CubeIDE_1.16.1/STM32CubeIDE/plugins/com.st.stm32cube.ide.mcu.externaltools.gnu-tools-for-stm32.13.3.rel1.win32_1.0.0.202411081344/tools/bin/../lib/gcc/arm-none-eabi/13.3.1/thumb/v6-m/nofp/crti.o
                0x0800392c                _fini
 .fini          0x08003930        0x8 C:/ST/STM32CubeIDE_1.16.1/STM32CubeIDE/plugins/com.st.stm32cube.ide.mcu.externaltools.gnu-tools-for-stm32.13.3.rel1.win32_1.0.0.202411081344/tools/bin/../lib/gcc/arm-none-eabi/13.3.1/thumb/v6-m/nofp/crtn.o
                0x08003938                        . = ALIGN (0x4)
                0x08003938                        _etext = .

.vfp11_veneer   0x08003938        0x0
 .vfp11_veneer  0x08003938        0x0 linker stubs

.v4_bx          0x08003938        0x0
 .v4_bx         0x08003938        0x0 linker stubs

.iplt           0x08003938        0x0
 .iplt          0x08003938        0x0 C:/ST/STM32CubeIDE_1.16.1/STM32CubeIDE/plugins/com.st.stm32cube.ide.mcu.externaltools.gnu-tools-for-stm32.13.3.rel1.win32_1.0.0.202411081344/tools/bin/../lib/gcc/arm-none-eabi/13.3.1/thumb/v6-m/nofp/crtbegin.o

.rodata         0x08003938       0x90
                0x08003938                        . = ALIGN (0x4)
 *(.rodata)
 *(.rodata*)
 .rodata.onReceiveCar
                0x08003938       0x5c ./Core/Src/protocol.o
 .rodata.AHBPrescTable
                0x08003994       0x10 ./Core/Src/system_stm32l0xx.o
                0x08003994                AHBPrescTable
 .rodata.APBPrescTable
                0x080039a4        0x8 ./Core/Src/system_stm32l0xx.o
                0x080039a4                APBPrescTable
 .rodata.PLLMulTable
                0x080039ac        0x9 ./Core/Src/system_stm32l0xx.o
                0x080039ac                PLLMulTable
 *fill*         0x080039b5        0x3 
 .rodata.OFFSET_TAB_CCMRx
                0x080039b8        0x7 ./Core/Src/tim.o
 *fill*         0x080039bf        0x1 
 .rodata.SHIFT_TAB_OCxx
                0x080039c0        0x7 ./Core/Src/tim.o
                0x080039c8                        . = ALIGN (0x4)
 *fill*         0x080039c7        0x1 

.rel.dyn        0x080039c8        0x0
 .rel.iplt      0x080039c8        0x0 C:/ST/STM32CubeIDE_1.16.1/STM32CubeIDE/plugins/com.st.stm32cube.ide.mcu.externaltools.gnu-tools-for-stm32.13.3.rel1.win32_1.0.0.202411081344/tools/bin/../lib/gcc/arm-none-eabi/13.3.1/thumb/v6-m/nofp/crtbegin.o

.ARM.extab      0x080039c8        0x0
                0x080039c8                        . = ALIGN (0x4)
 *(.ARM.extab* .gnu.linkonce.armextab.*)
                0x080039c8                        . = ALIGN (0x4)

.ARM            0x080039c8        0x0
                0x080039c8                        . = ALIGN (0x4)
                0x080039c8                        __exidx_start = .
 *(.ARM.exidx*)
                0x080039c8                        __exidx_end = .
                0x080039c8                        . = ALIGN (0x4)

.preinit_array  0x080039c8        0x0
                0x080039c8                        . = ALIGN (0x4)
                0x080039c8                        PROVIDE (__preinit_array_start = .)
 *(.preinit_array*)
                0x080039c8                        PROVIDE (__preinit_array_end = .)
                0x080039c8                        . = ALIGN (0x4)

.init_array     0x080039c8        0x4
                0x080039c8                        . = ALIGN (0x4)
                0x080039c8                        PROVIDE (__init_array_start = .)
 *(SORT_BY_NAME(.init_array.*))
 *(.init_array*)
 .init_array    0x080039c8        0x4 C:/ST/STM32CubeIDE_1.16.1/STM32CubeIDE/plugins/com.st.stm32cube.ide.mcu.externaltools.gnu-tools-for-stm32.13.3.rel1.win32_1.0.0.202411081344/tools/bin/../lib/gcc/arm-none-eabi/13.3.1/thumb/v6-m/nofp/crtbegin.o
                0x080039cc                        PROVIDE (__init_array_end = .)
                0x080039cc                        . = ALIGN (0x4)

.fini_array     0x080039cc        0x4
                0x080039cc                        . = ALIGN (0x4)
                [!provide]                        PROVIDE (__fini_array_start = .)
 *(SORT_BY_NAME(.fini_array.*))
 *(.fini_array*)
 .fini_array    0x080039cc        0x4 C:/ST/STM32CubeIDE_1.16.1/STM32CubeIDE/plugins/com.st.stm32cube.ide.mcu.externaltools.gnu-tools-for-stm32.13.3.rel1.win32_1.0.0.202411081344/tools/bin/../lib/gcc/arm-none-eabi/13.3.1/thumb/v6-m/nofp/crtbegin.o
                [!provide]                        PROVIDE (__fini_array_end = .)
                0x080039d0                        . = ALIGN (0x4)
                0x080039d0                        _sidata = LOADADDR (.data)

.data           0x20000000       0x68 load address 0x080039d0
                0x20000000                        . = ALIGN (0x4)
                0x20000000                        _sdata = .
 *(.data)
 *(.data*)
 .data.Ad       0x20000000        0x1 ./Core/Src/mainAppStepAuto.o
                0x20000000                Ad
 *fill*         0x20000001        0x3 
 .data.l_refValue.0
                0x20000004        0x4 ./Core/Src/mainAppStepAuto.o
 .data.SystemCoreClock
                0x20000008        0x4 ./Core/Src/system_stm32l0xx.o
                0x20000008                SystemCoreClock
 .data.__sglue  0x2000000c        0xc C:/ST/STM32CubeIDE_1.16.1/STM32CubeIDE/plugins/com.st.stm32cube.ide.mcu.externaltools.gnu-tools-for-stm32.13.3.rel1.win32_1.0.0.202411081344/tools/bin/../lib/gcc/arm-none-eabi/13.3.1/../../../../arm-none-eabi/lib/thumb/v6-m/nofp\libc_nano.a(libc_a-findfp.o)
                0x2000000c                __sglue
 .data._impure_ptr
                0x20000018        0x4 C:/ST/STM32CubeIDE_1.16.1/STM32CubeIDE/plugins/com.st.stm32cube.ide.mcu.externaltools.gnu-tools-for-stm32.13.3.rel1.win32_1.0.0.202411081344/tools/bin/../lib/gcc/arm-none-eabi/13.3.1/../../../../arm-none-eabi/lib/thumb/v6-m/nofp\libc_nano.a(libc_a-impure.o)
                0x20000018                _impure_ptr
 .data._impure_data
                0x2000001c       0x4c C:/ST/STM32CubeIDE_1.16.1/STM32CubeIDE/plugins/com.st.stm32cube.ide.mcu.externaltools.gnu-tools-for-stm32.13.3.rel1.win32_1.0.0.202411081344/tools/bin/../lib/gcc/arm-none-eabi/13.3.1/../../../../arm-none-eabi/lib/thumb/v6-m/nofp\libc_nano.a(libc_a-impure.o)
                0x2000001c                _impure_data
 *(.RamFunc)
 *(.RamFunc*)
                0x20000068                        . = ALIGN (0x4)
                0x20000068                        _edata = .

.igot.plt       0x20000068        0x0 load address 0x08003a38
 .igot.plt      0x20000068        0x0 C:/ST/STM32CubeIDE_1.16.1/STM32CubeIDE/plugins/com.st.stm32cube.ide.mcu.externaltools.gnu-tools-for-stm32.13.3.rel1.win32_1.0.0.202411081344/tools/bin/../lib/gcc/arm-none-eabi/13.3.1/thumb/v6-m/nofp/crtbegin.o
                0x20000068                        . = ALIGN (0x4)

.bss            0x20000068      0x39c load address 0x08003a38
                0x20000068                        _sbss = .
                0x20000068                        __bss_start__ = _sbss
 *(.bss)
 .bss           0x20000068       0x1c C:/ST/STM32CubeIDE_1.16.1/STM32CubeIDE/plugins/com.st.stm32cube.ide.mcu.externaltools.gnu-tools-for-stm32.13.3.rel1.win32_1.0.0.202411081344/tools/bin/../lib/gcc/arm-none-eabi/13.3.1/thumb/v6-m/nofp/crtbegin.o
 *(.bss*)
 .bss.g_startStep
                0x20000084        0x1 ./Core/Src/mainAppStepAuto.o
                0x20000084                g_startStep
 *fill*         0x20000085        0x1 
 .bss.g_motorStep
                0x20000086        0x2 ./Core/Src/mainAppStepAuto.o
                0x20000086                g_motorStep
 .bss.g_data1Cnt
                0x20000088        0x2 ./Core/Src/mainAppStepAuto.o
                0x20000088                g_data1Cnt
 *fill*         0x2000008a        0x2 
 .bss.g_data1   0x2000008c      0x192 ./Core/Src/mainAppStepAuto.o
                0x2000008c                g_data1
 *fill*         0x2000021e        0x2 
 .bss.l_motor   0x20000220        0x4 ./Core/Src/mainAppStepAuto.o
                0x20000220                l_motor
 .bss.l_epsilon
                0x20000224        0x4 ./Core/Src/mainAppStepAuto.o
                0x20000224                l_epsilon
 .bss.l_stepDelay.1
                0x20000228        0x4 ./Core/Src/mainAppStepAuto.o
 .bss.testProtocol
                0x2000022c        0x1 ./Core/Src/protocol.o
                0x2000022c                testProtocol
 .bss.l_stateRx.8
                0x2000022d        0x1 ./Core/Src/protocol.o
 .bss.l_frameType.7
                0x2000022e        0x1 ./Core/Src/protocol.o
 .bss.l_frameCode.6
                0x2000022f        0x1 ./Core/Src/protocol.o
 .bss.l_dataCount.5
                0x20000230        0x1 ./Core/Src/protocol.o
 *fill*         0x20000231        0x3 
 .bss.l_data.4  0x20000234       0x40 ./Core/Src/protocol.o
 .bss.l_receiveCount.3
                0x20000274        0x1 ./Core/Src/protocol.o
 .bss.l_pseudoHexaCnt.2
                0x20000275        0x1 ./Core/Src/protocol.o
 *fill*         0x20000276        0x2 
 .bss.l_pseudoHexa.1
                0x20000278        0x2 ./Core/Src/protocol.o
 *fill*         0x2000027a        0x2 
 .bss.l_conv.0  0x2000027c        0x4 ./Core/Src/protocol.o
 .bss.gHuart    0x20000280        0x4 ./Core/Src/retarget.o
                0x20000280                gHuart
 .bss.timeMs    0x20000284        0x4 ./Core/Src/stm32l0xx_it.o
                0x20000284                timeMs
 .bss.g_rxFifo  0x20000288       0x2c ./Core/Src/stm32l0xx_it.o
                0x20000288                g_rxFifo
 .bss.__sbrk_heap_end
                0x200002b4        0x4 ./Core/Src/sysmem.o
 .bss.__sf      0x200002b8      0x138 C:/ST/STM32CubeIDE_1.16.1/STM32CubeIDE/plugins/com.st.stm32cube.ide.mcu.externaltools.gnu-tools-for-stm32.13.3.rel1.win32_1.0.0.202411081344/tools/bin/../lib/gcc/arm-none-eabi/13.3.1/../../../../arm-none-eabi/lib/thumb/v6-m/nofp\libc_nano.a(libc_a-findfp.o)
                0x200002b8                __sf
 .bss.__stdio_exit_handler
                0x200003f0        0x4 C:/ST/STM32CubeIDE_1.16.1/STM32CubeIDE/plugins/com.st.stm32cube.ide.mcu.externaltools.gnu-tools-for-stm32.13.3.rel1.win32_1.0.0.202411081344/tools/bin/../lib/gcc/arm-none-eabi/13.3.1/../../../../arm-none-eabi/lib/thumb/v6-m/nofp\libc_nano.a(libc_a-findfp.o)
                0x200003f0                __stdio_exit_handler
 .bss.errno     0x200003f4        0x4 C:/ST/STM32CubeIDE_1.16.1/STM32CubeIDE/plugins/com.st.stm32cube.ide.mcu.externaltools.gnu-tools-for-stm32.13.3.rel1.win32_1.0.0.202411081344/tools/bin/../lib/gcc/arm-none-eabi/13.3.1/../../../../arm-none-eabi/lib/thumb/v6-m/nofp\libc_nano.a(libc_a-reent.o)
                0x200003f4                errno
 .bss.__lock___malloc_recursive_mutex
                0x200003f8        0x1 C:/ST/STM32CubeIDE_1.16.1/STM32CubeIDE/plugins/com.st.stm32cube.ide.mcu.externaltools.gnu-tools-for-stm32.13.3.rel1.win32_1.0.0.202411081344/tools/bin/../lib/gcc/arm-none-eabi/13.3.1/../../../../arm-none-eabi/lib/thumb/v6-m/nofp\libc_nano.a(libc_a-lock.o)
                0x200003f8                __lock___malloc_recursive_mutex
 .bss.__lock___sfp_recursive_mutex
                0x200003f9        0x1 C:/ST/STM32CubeIDE_1.16.1/STM32CubeIDE/plugins/com.st.stm32cube.ide.mcu.externaltools.gnu-tools-for-stm32.13.3.rel1.win32_1.0.0.202411081344/tools/bin/../lib/gcc/arm-none-eabi/13.3.1/../../../../arm-none-eabi/lib/thumb/v6-m/nofp\libc_nano.a(libc_a-lock.o)
                0x200003f9                __lock___sfp_recursive_mutex
 *fill*         0x200003fa        0x2 
 .bss.__malloc_sbrk_start
                0x200003fc        0x4 C:/ST/STM32CubeIDE_1.16.1/STM32CubeIDE/plugins/com.st.stm32cube.ide.mcu.externaltools.gnu-tools-for-stm32.13.3.rel1.win32_1.0.0.202411081344/tools/bin/../lib/gcc/arm-none-eabi/13.3.1/../../../../arm-none-eabi/lib/thumb/v6-m/nofp\libc_nano.a(libc_a-mallocr.o)
                0x200003fc                __malloc_sbrk_start
 .bss.__malloc_free_list
                0x20000400        0x4 C:/ST/STM32CubeIDE_1.16.1/STM32CubeIDE/plugins/com.st.stm32cube.ide.mcu.externaltools.gnu-tools-for-stm32.13.3.rel1.win32_1.0.0.202411081344/tools/bin/../lib/gcc/arm-none-eabi/13.3.1/../../../../arm-none-eabi/lib/thumb/v6-m/nofp\libc_nano.a(libc_a-mallocr.o)
                0x20000400                __malloc_free_list
 *(COMMON)
                0x20000404                        . = ALIGN (0x4)
                0x20000404                        _ebss = .
                0x20000404                        __bss_end__ = _ebss

._user_heap_stack
                0x20000404      0x604 load address 0x08003a38
                0x20000408                        . = ALIGN (0x8)
 *fill*         0x20000404        0x4 
                [!provide]                        PROVIDE (end = .)
                0x20000408                        PROVIDE (_end = .)
                0x20000608                        . = (. + _Min_Heap_Size)
 *fill*         0x20000408      0x200 
                0x20000a08                        . = (. + _Min_Stack_Size)
 *fill*         0x20000608      0x400 
                0x20000a08                        . = ALIGN (0x8)

/DISCARD/
 libc.a(*)
 libm.a(*)
 libgcc.a(*)

.ARM.attributes
                0x00000000       0x28
 *(.ARM.attributes)
 .ARM.attributes
                0x00000000       0x1e C:/ST/STM32CubeIDE_1.16.1/STM32CubeIDE/plugins/com.st.stm32cube.ide.mcu.externaltools.gnu-tools-for-stm32.13.3.rel1.win32_1.0.0.202411081344/tools/bin/../lib/gcc/arm-none-eabi/13.3.1/thumb/v6-m/nofp/crti.o
 .ARM.attributes
                0x0000001e       0x2c C:/ST/STM32CubeIDE_1.16.1/STM32CubeIDE/plugins/com.st.stm32cube.ide.mcu.externaltools.gnu-tools-for-stm32.13.3.rel1.win32_1.0.0.202411081344/tools/bin/../lib/gcc/arm-none-eabi/13.3.1/thumb/v6-m/nofp/crtbegin.o
 .ARM.attributes
                0x0000004a       0x2c ./Core/Src/adc.o
 .ARM.attributes
                0x00000076       0x2c ./Core/Src/gpio.o
 .ARM.attributes
                0x000000a2       0x2c ./Core/Src/main.o
 .ARM.attributes
                0x000000ce       0x2c ./Core/Src/mainAppStepAuto.o
 .ARM.attributes
                0x000000fa       0x2c ./Core/Src/motorControl.o
 .ARM.attributes
                0x00000126       0x2c ./Core/Src/protocol.o
 .ARM.attributes
                0x00000152       0x2c ./Core/Src/retarget.o
 .ARM.attributes
                0x0000017e       0x2c ./Core/Src/stm32l0xx_it.o
 .ARM.attributes
                0x000001aa       0x2c ./Core/Src/sysmem.o
 .ARM.attributes
                0x000001d6       0x2c ./Core/Src/system_stm32l0xx.o
 .ARM.attributes
                0x00000202       0x2c ./Core/Src/tim.o
 .ARM.attributes
                0x0000022e       0x2c ./Core/Src/usart.o
 .ARM.attributes
                0x0000025a       0x22 ./Core/Startup/startup_stm32l053r8tx.o
 .ARM.attributes
                0x0000027c       0x2c ./Drivers/STM32L0xx_HAL_Driver/Src/stm32l0xx_ll_adc.o
 .ARM.attributes
                0x000002a8       0x2c ./Drivers/STM32L0xx_HAL_Driver/Src/stm32l0xx_ll_exti.o
 .ARM.attributes
                0x000002d4       0x2c ./Drivers/STM32L0xx_HAL_Driver/Src/stm32l0xx_ll_gpio.o
 .ARM.attributes
                0x00000300       0x2c ./Drivers/STM32L0xx_HAL_Driver/Src/stm32l0xx_ll_rcc.o
 .ARM.attributes
                0x0000032c       0x2c ./Drivers/STM32L0xx_HAL_Driver/Src/stm32l0xx_ll_tim.o
 .ARM.attributes
                0x00000358       0x2c ./Drivers/STM32L0xx_HAL_Driver/Src/stm32l0xx_ll_usart.o
 .ARM.attributes
                0x00000384       0x2c ./Drivers/STM32L0xx_HAL_Driver/Src/stm32l0xx_ll_utils.o
 .ARM.attributes
                0x000003b0       0x2c C:/ST/STM32CubeIDE_1.16.1/STM32CubeIDE/plugins/com.st.stm32cube.ide.mcu.externaltools.gnu-tools-for-stm32.13.3.rel1.win32_1.0.0.202411081344/tools/bin/../lib/gcc/arm-none-eabi/13.3.1/../../../../arm-none-eabi/lib/thumb/v6-m/nofp\libc_nano.a(libc_a-findfp.o)
 .ARM.attributes
                0x000003dc       0x2c C:/ST/STM32CubeIDE_1.16.1/STM32CubeIDE/plugins/com.st.stm32cube.ide.mcu.externaltools.gnu-tools-for-stm32.13.3.rel1.win32_1.0.0.202411081344/tools/bin/../lib/gcc/arm-none-eabi/13.3.1/../../../../arm-none-eabi/lib/thumb/v6-m/nofp\libc_nano.a(libc_a-fwalk.o)
 .ARM.attributes
                0x00000408       0x2c C:/ST/STM32CubeIDE_1.16.1/STM32CubeIDE/plugins/com.st.stm32cube.ide.mcu.externaltools.gnu-tools-for-stm32.13.3.rel1.win32_1.0.0.202411081344/tools/bin/../lib/gcc/arm-none-eabi/13.3.1/../../../../arm-none-eabi/lib/thumb/v6-m/nofp\libc_nano.a(libc_a-setvbuf.o)
 .ARM.attributes
                0x00000434       0x2c C:/ST/STM32CubeIDE_1.16.1/STM32CubeIDE/plugins/com.st.stm32cube.ide.mcu.externaltools.gnu-tools-for-stm32.13.3.rel1.win32_1.0.0.202411081344/tools/bin/../lib/gcc/arm-none-eabi/13.3.1/../../../../arm-none-eabi/lib/thumb/v6-m/nofp\libc_nano.a(libc_a-stdio.o)
 .ARM.attributes
                0x00000460       0x2c C:/ST/STM32CubeIDE_1.16.1/STM32CubeIDE/plugins/com.st.stm32cube.ide.mcu.externaltools.gnu-tools-for-stm32.13.3.rel1.win32_1.0.0.202411081344/tools/bin/../lib/gcc/arm-none-eabi/13.3.1/../../../../arm-none-eabi/lib/thumb/v6-m/nofp\libc_nano.a(libc_a-memset.o)
 .ARM.attributes
                0x0000048c       0x2c C:/ST/STM32CubeIDE_1.16.1/STM32CubeIDE/plugins/com.st.stm32cube.ide.mcu.externaltools.gnu-tools-for-stm32.13.3.rel1.win32_1.0.0.202411081344/tools/bin/../lib/gcc/arm-none-eabi/13.3.1/../../../../arm-none-eabi/lib/thumb/v6-m/nofp\libc_nano.a(libc_a-closer.o)
 .ARM.attributes
                0x000004b8       0x2c C:/ST/STM32CubeIDE_1.16.1/STM32CubeIDE/plugins/com.st.stm32cube.ide.mcu.externaltools.gnu-tools-for-stm32.13.3.rel1.win32_1.0.0.202411081344/tools/bin/../lib/gcc/arm-none-eabi/13.3.1/../../../../arm-none-eabi/lib/thumb/v6-m/nofp\libc_nano.a(libc_a-reent.o)
 .ARM.attributes
                0x000004e4       0x2c C:/ST/STM32CubeIDE_1.16.1/STM32CubeIDE/plugins/com.st.stm32cube.ide.mcu.externaltools.gnu-tools-for-stm32.13.3.rel1.win32_1.0.0.202411081344/tools/bin/../lib/gcc/arm-none-eabi/13.3.1/../../../../arm-none-eabi/lib/thumb/v6-m/nofp\libc_nano.a(libc_a-impure.o)
 .ARM.attributes
                0x00000510       0x2c C:/ST/STM32CubeIDE_1.16.1/STM32CubeIDE/plugins/com.st.stm32cube.ide.mcu.externaltools.gnu-tools-for-stm32.13.3.rel1.win32_1.0.0.202411081344/tools/bin/../lib/gcc/arm-none-eabi/13.3.1/../../../../arm-none-eabi/lib/thumb/v6-m/nofp\libc_nano.a(libc_a-lseekr.o)
 .ARM.attributes
                0x0000053c       0x2c C:/ST/STM32CubeIDE_1.16.1/STM32CubeIDE/plugins/com.st.stm32cube.ide.mcu.externaltools.gnu-tools-for-stm32.13.3.rel1.win32_1.0.0.202411081344/tools/bin/../lib/gcc/arm-none-eabi/13.3.1/../../../../arm-none-eabi/lib/thumb/v6-m/nofp\libc_nano.a(libc_a-readr.o)
 .ARM.attributes
                0x00000568       0x2c C:/ST/STM32CubeIDE_1.16.1/STM32CubeIDE/plugins/com.st.stm32cube.ide.mcu.externaltools.gnu-tools-for-stm32.13.3.rel1.win32_1.0.0.202411081344/tools/bin/../lib/gcc/arm-none-eabi/13.3.1/../../../../arm-none-eabi/lib/thumb/v6-m/nofp\libc_nano.a(libc_a-writer.o)
 .ARM.attributes
                0x00000594       0x2c C:/ST/STM32CubeIDE_1.16.1/STM32CubeIDE/plugins/com.st.stm32cube.ide.mcu.externaltools.gnu-tools-for-stm32.13.3.rel1.win32_1.0.0.202411081344/tools/bin/../lib/gcc/arm-none-eabi/13.3.1/../../../../arm-none-eabi/lib/thumb/v6-m/nofp\libc_nano.a(libc_a-errno.o)
 .ARM.attributes
                0x000005c0       0x2c C:/ST/STM32CubeIDE_1.16.1/STM32CubeIDE/plugins/com.st.stm32cube.ide.mcu.externaltools.gnu-tools-for-stm32.13.3.rel1.win32_1.0.0.202411081344/tools/bin/../lib/gcc/arm-none-eabi/13.3.1/../../../../arm-none-eabi/lib/thumb/v6-m/nofp\libc_nano.a(libc_a-init.o)
 .ARM.attributes
                0x000005ec       0x2c C:/ST/STM32CubeIDE_1.16.1/STM32CubeIDE/plugins/com.st.stm32cube.ide.mcu.externaltools.gnu-tools-for-stm32.13.3.rel1.win32_1.0.0.202411081344/tools/bin/../lib/gcc/arm-none-eabi/13.3.1/../../../../arm-none-eabi/lib/thumb/v6-m/nofp\libc_nano.a(libc_a-lock.o)
 .ARM.attributes
                0x00000618       0x2c C:/ST/STM32CubeIDE_1.16.1/STM32CubeIDE/plugins/com.st.stm32cube.ide.mcu.externaltools.gnu-tools-for-stm32.13.3.rel1.win32_1.0.0.202411081344/tools/bin/../lib/gcc/arm-none-eabi/13.3.1/../../../../arm-none-eabi/lib/thumb/v6-m/nofp\libc_nano.a(libc_a-freer.o)
 .ARM.attributes
                0x00000644       0x2c C:/ST/STM32CubeIDE_1.16.1/STM32CubeIDE/plugins/com.st.stm32cube.ide.mcu.externaltools.gnu-tools-for-stm32.13.3.rel1.win32_1.0.0.202411081344/tools/bin/../lib/gcc/arm-none-eabi/13.3.1/../../../../arm-none-eabi/lib/thumb/v6-m/nofp\libc_nano.a(libc_a-malloc.o)
 .ARM.attributes
                0x00000670       0x2c C:/ST/STM32CubeIDE_1.16.1/STM32CubeIDE/plugins/com.st.stm32cube.ide.mcu.externaltools.gnu-tools-for-stm32.13.3.rel1.win32_1.0.0.202411081344/tools/bin/../lib/gcc/arm-none-eabi/13.3.1/../../../../arm-none-eabi/lib/thumb/v6-m/nofp\libc_nano.a(libc_a-mallocr.o)
 .ARM.attributes
                0x0000069c       0x2c C:/ST/STM32CubeIDE_1.16.1/STM32CubeIDE/plugins/com.st.stm32cube.ide.mcu.externaltools.gnu-tools-for-stm32.13.3.rel1.win32_1.0.0.202411081344/tools/bin/../lib/gcc/arm-none-eabi/13.3.1/../../../../arm-none-eabi/lib/thumb/v6-m/nofp\libc_nano.a(libc_a-mlock.o)
 .ARM.attributes
                0x000006c8       0x2c C:/ST/STM32CubeIDE_1.16.1/STM32CubeIDE/plugins/com.st.stm32cube.ide.mcu.externaltools.gnu-tools-for-stm32.13.3.rel1.win32_1.0.0.202411081344/tools/bin/../lib/gcc/arm-none-eabi/13.3.1/../../../../arm-none-eabi/lib/thumb/v6-m/nofp\libc_nano.a(libc_a-fflush.o)
 .ARM.attributes
                0x000006f4       0x2c C:/ST/STM32CubeIDE_1.16.1/STM32CubeIDE/plugins/com.st.stm32cube.ide.mcu.externaltools.gnu-tools-for-stm32.13.3.rel1.win32_1.0.0.202411081344/tools/bin/../lib/gcc/arm-none-eabi/13.3.1/../../../../arm-none-eabi/lib/thumb/v6-m/nofp\libc_nano.a(libc_a-makebuf.o)
 .ARM.attributes
                0x00000720       0x2c C:/ST/STM32CubeIDE_1.16.1/STM32CubeIDE/plugins/com.st.stm32cube.ide.mcu.externaltools.gnu-tools-for-stm32.13.3.rel1.win32_1.0.0.202411081344/tools/bin/../lib/gcc/arm-none-eabi/13.3.1/../../../../arm-none-eabi/lib/thumb/v6-m/nofp\libc_nano.a(libc_a-fstatr.o)
 .ARM.attributes
                0x0000074c       0x2c C:/ST/STM32CubeIDE_1.16.1/STM32CubeIDE/plugins/com.st.stm32cube.ide.mcu.externaltools.gnu-tools-for-stm32.13.3.rel1.win32_1.0.0.202411081344/tools/bin/../lib/gcc/arm-none-eabi/13.3.1/../../../../arm-none-eabi/lib/thumb/v6-m/nofp\libc_nano.a(libc_a-sbrkr.o)
 .ARM.attributes
                0x00000778       0x1e C:/ST/STM32CubeIDE_1.16.1/STM32CubeIDE/plugins/com.st.stm32cube.ide.mcu.externaltools.gnu-tools-for-stm32.13.3.rel1.win32_1.0.0.202411081344/tools/bin/../lib/gcc/arm-none-eabi/13.3.1/thumb/v6-m/nofp\libgcc.a(_udivsi3.o)
 .ARM.attributes
                0x00000796       0x1e C:/ST/STM32CubeIDE_1.16.1/STM32CubeIDE/plugins/com.st.stm32cube.ide.mcu.externaltools.gnu-tools-for-stm32.13.3.rel1.win32_1.0.0.202411081344/tools/bin/../lib/gcc/arm-none-eabi/13.3.1/thumb/v6-m/nofp\libgcc.a(_dvmd_tls.o)
 .ARM.attributes
                0x000007b4       0x1e C:/ST/STM32CubeIDE_1.16.1/STM32CubeIDE/plugins/com.st.stm32cube.ide.mcu.externaltools.gnu-tools-for-stm32.13.3.rel1.win32_1.0.0.202411081344/tools/bin/../lib/gcc/arm-none-eabi/13.3.1/thumb/v6-m/nofp/crtn.o
OUTPUT(MotorControl.elf elf32-littlearm)
LOAD linker stubs
LOAD C:/ST/STM32CubeIDE_1.16.1/STM32CubeIDE/plugins/com.st.stm32cube.ide.mcu.externaltools.gnu-tools-for-stm32.13.3.rel1.win32_1.0.0.202411081344/tools/bin/../lib/gcc/arm-none-eabi/13.3.1/../../../../arm-none-eabi/lib/thumb/v6-m/nofp\libc.a
LOAD C:/ST/STM32CubeIDE_1.16.1/STM32CubeIDE/plugins/com.st.stm32cube.ide.mcu.externaltools.gnu-tools-for-stm32.13.3.rel1.win32_1.0.0.202411081344/tools/bin/../lib/gcc/arm-none-eabi/13.3.1/../../../../arm-none-eabi/lib/thumb/v6-m/nofp\libm.a
LOAD C:/ST/STM32CubeIDE_1.16.1/STM32CubeIDE/plugins/com.st.stm32cube.ide.mcu.externaltools.gnu-tools-for-stm32.13.3.rel1.win32_1.0.0.202411081344/tools/bin/../lib/gcc/arm-none-eabi/13.3.1/thumb/v6-m/nofp\libgcc.a

.debug_info     0x00000000     0x81c2
 .debug_info    0x00000000      0x8b2 ./Core/Src/adc.o
 .debug_info    0x000008b2      0x5d9 ./Core/Src/gpio.o
 .debug_info    0x00000e8b      0xbae ./Core/Src/main.o
 .debug_info    0x00001a39      0x4ef ./Core/Src/mainAppStepAuto.o
 .debug_info    0x00001f28      0x4f5 ./Core/Src/motorControl.o
 .debug_info    0x0000241d      0x60a ./Core/Src/protocol.o
 .debug_info    0x00002a27      0xc76 ./Core/Src/retarget.o
 .debug_info    0x0000369d      0x4a4 ./Core/Src/stm32l0xx_it.o
 .debug_info    0x00003b41      0x168 ./Core/Src/sysmem.o
 .debug_info    0x00003ca9      0x2c9 ./Core/Src/system_stm32l0xx.o
 .debug_info    0x00003f72      0x790 ./Core/Src/tim.o
 .debug_info    0x00004702      0x8b3 ./Core/Src/usart.o
 .debug_info    0x00004fb5       0x30 ./Core/Startup/startup_stm32l053r8tx.o
 .debug_info    0x00004fe5      0x742 ./Drivers/STM32L0xx_HAL_Driver/Src/stm32l0xx_ll_adc.o
 .debug_info    0x00005727      0x334 ./Drivers/STM32L0xx_HAL_Driver/Src/stm32l0xx_ll_exti.o
 .debug_info    0x00005a5b      0x566 ./Drivers/STM32L0xx_HAL_Driver/Src/stm32l0xx_ll_gpio.o
 .debug_info    0x00005fc1      0x782 ./Drivers/STM32L0xx_HAL_Driver/Src/stm32l0xx_ll_rcc.o
 .debug_info    0x00006743      0xbe9 ./Drivers/STM32L0xx_HAL_Driver/Src/stm32l0xx_ll_tim.o
 .debug_info    0x0000732c      0x62a ./Drivers/STM32L0xx_HAL_Driver/Src/stm32l0xx_ll_usart.o
 .debug_info    0x00007956      0x86c ./Drivers/STM32L0xx_HAL_Driver/Src/stm32l0xx_ll_utils.o

.debug_abbrev   0x00000000     0x221e
 .debug_abbrev  0x00000000      0x1a9 ./Core/Src/adc.o
 .debug_abbrev  0x000001a9      0x1ad ./Core/Src/gpio.o
 .debug_abbrev  0x00000356      0x299 ./Core/Src/main.o
 .debug_abbrev  0x000005ef      0x1b8 ./Core/Src/mainAppStepAuto.o
 .debug_abbrev  0x000007a7      0x1c9 ./Core/Src/motorControl.o
 .debug_abbrev  0x00000970      0x161 ./Core/Src/protocol.o
 .debug_abbrev  0x00000ad1      0x23a ./Core/Src/retarget.o
 .debug_abbrev  0x00000d0b      0x252 ./Core/Src/stm32l0xx_it.o
 .debug_abbrev  0x00000f5d       0xbc ./Core/Src/sysmem.o
 .debug_abbrev  0x00001019      0x11c ./Core/Src/system_stm32l0xx.o
 .debug_abbrev  0x00001135      0x199 ./Core/Src/tim.o
 .debug_abbrev  0x000012ce      0x1d3 ./Core/Src/usart.o
 .debug_abbrev  0x000014a1       0x24 ./Core/Startup/startup_stm32l053r8tx.o
 .debug_abbrev  0x000014c5      0x1e1 ./Drivers/STM32L0xx_HAL_Driver/Src/stm32l0xx_ll_adc.o
 .debug_abbrev  0x000016a6      0x179 ./Drivers/STM32L0xx_HAL_Driver/Src/stm32l0xx_ll_exti.o
 .debug_abbrev  0x0000181f      0x1a6 ./Drivers/STM32L0xx_HAL_Driver/Src/stm32l0xx_ll_gpio.o
 .debug_abbrev  0x000019c5      0x223 ./Drivers/STM32L0xx_HAL_Driver/Src/stm32l0xx_ll_rcc.o
 .debug_abbrev  0x00001be8      0x211 ./Drivers/STM32L0xx_HAL_Driver/Src/stm32l0xx_ll_tim.o
 .debug_abbrev  0x00001df9      0x1dd ./Drivers/STM32L0xx_HAL_Driver/Src/stm32l0xx_ll_usart.o
 .debug_abbrev  0x00001fd6      0x248 ./Drivers/STM32L0xx_HAL_Driver/Src/stm32l0xx_ll_utils.o

.debug_aranges  0x00000000      0xa70
 .debug_aranges
                0x00000000       0x88 ./Core/Src/adc.o
 .debug_aranges
                0x00000088       0x48 ./Core/Src/gpio.o
 .debug_aranges
                0x000000d0      0x108 ./Core/Src/main.o
 .debug_aranges
                0x000001d8       0x58 ./Core/Src/mainAppStepAuto.o
 .debug_aranges
                0x00000230       0x60 ./Core/Src/motorControl.o
 .debug_aranges
                0x00000290       0x78 ./Core/Src/protocol.o
 .debug_aranges
                0x00000308       0x50 ./Core/Src/retarget.o
 .debug_aranges
                0x00000358       0xb0 ./Core/Src/stm32l0xx_it.o
 .debug_aranges
                0x00000408       0x20 ./Core/Src/sysmem.o
 .debug_aranges
                0x00000428       0x28 ./Core/Src/system_stm32l0xx.o
 .debug_aranges
                0x00000450       0x60 ./Core/Src/tim.o
 .debug_aranges
                0x000004b0       0x50 ./Core/Src/usart.o
 .debug_aranges
                0x00000500       0x28 ./Core/Startup/startup_stm32l053r8tx.o
 .debug_aranges
                0x00000528       0xa8 ./Drivers/STM32L0xx_HAL_Driver/Src/stm32l0xx_ll_adc.o
 .debug_aranges
                0x000005d0       0x70 ./Drivers/STM32L0xx_HAL_Driver/Src/stm32l0xx_ll_exti.o
 .debug_aranges
                0x00000640       0x70 ./Drivers/STM32L0xx_HAL_Driver/Src/stm32l0xx_ll_gpio.o
 .debug_aranges
                0x000006b0      0x148 ./Drivers/STM32L0xx_HAL_Driver/Src/stm32l0xx_ll_rcc.o
 .debug_aranges
                0x000007f8      0x100 ./Drivers/STM32L0xx_HAL_Driver/Src/stm32l0xx_ll_tim.o
 .debug_aranges
                0x000008f8       0x88 ./Drivers/STM32L0xx_HAL_Driver/Src/stm32l0xx_ll_usart.o
 .debug_aranges
                0x00000980       0xf0 ./Drivers/STM32L0xx_HAL_Driver/Src/stm32l0xx_ll_utils.o

.debug_rnglists
                0x00000000      0x793
 .debug_rnglists
                0x00000000       0x62 ./Core/Src/adc.o
 .debug_rnglists
                0x00000062       0x32 ./Core/Src/gpio.o
 .debug_rnglists
                0x00000094       0xc3 ./Core/Src/main.o
 .debug_rnglists
                0x00000157       0x3e ./Core/Src/mainAppStepAuto.o
 .debug_rnglists
                0x00000195       0x44 ./Core/Src/motorControl.o
 .debug_rnglists
                0x000001d9       0x56 ./Core/Src/protocol.o
 .debug_rnglists
                0x0000022f       0x37 ./Core/Src/retarget.o
 .debug_rnglists
                0x00000266       0x7f ./Core/Src/stm32l0xx_it.o
 .debug_rnglists
                0x000002e5       0x13 ./Core/Src/sysmem.o
 .debug_rnglists
                0x000002f8       0x1a ./Core/Src/system_stm32l0xx.o
 .debug_rnglists
                0x00000312       0x44 ./Core/Src/tim.o
 .debug_rnglists
                0x00000356       0x39 ./Core/Src/usart.o
 .debug_rnglists
                0x0000038f       0x19 ./Core/Startup/startup_stm32l053r8tx.o
 .debug_rnglists
                0x000003a8       0x7a ./Drivers/STM32L0xx_HAL_Driver/Src/stm32l0xx_ll_adc.o
 .debug_rnglists
                0x00000422       0x50 ./Drivers/STM32L0xx_HAL_Driver/Src/stm32l0xx_ll_exti.o
 .debug_rnglists
                0x00000472       0x51 ./Drivers/STM32L0xx_HAL_Driver/Src/stm32l0xx_ll_gpio.o
 .debug_rnglists
                0x000004c3       0xf7 ./Drivers/STM32L0xx_HAL_Driver/Src/stm32l0xx_ll_rcc.o
 .debug_rnglists
                0x000005ba       0xc4 ./Drivers/STM32L0xx_HAL_Driver/Src/stm32l0xx_ll_tim.o
 .debug_rnglists
                0x0000067e       0x62 ./Drivers/STM32L0xx_HAL_Driver/Src/stm32l0xx_ll_usart.o
 .debug_rnglists
                0x000006e0       0xb3 ./Drivers/STM32L0xx_HAL_Driver/Src/stm32l0xx_ll_utils.o

.debug_macro    0x00000000    0x11866
 .debug_macro   0x00000000      0x16b ./Core/Src/adc.o
 .debug_macro   0x0000016b      0xaf0 ./Core/Src/adc.o
 .debug_macro   0x00000c5b       0x2e ./Core/Src/adc.o
 .debug_macro   0x00000c89       0x28 ./Core/Src/adc.o
 .debug_macro   0x00000cb1       0x22 ./Core/Src/adc.o
 .debug_macro   0x00000cd3       0x8e ./Core/Src/adc.o
 .debug_macro   0x00000d61       0x51 ./Core/Src/adc.o
 .debug_macro   0x00000db2      0x103 ./Core/Src/adc.o
 .debug_macro   0x00000eb5       0x6a ./Core/Src/adc.o
 .debug_macro   0x00000f1f      0x1df ./Core/Src/adc.o
 .debug_macro   0x000010fe       0x1c ./Core/Src/adc.o
 .debug_macro   0x0000111a       0x22 ./Core/Src/adc.o
 .debug_macro   0x0000113c       0xaf ./Core/Src/adc.o
 .debug_macro   0x000011eb      0x4da ./Core/Src/adc.o
 .debug_macro   0x000016c5      0x11f ./Core/Src/adc.o
 .debug_macro   0x000017e4     0x9d1b ./Core/Src/adc.o
 .debug_macro   0x0000b4ff       0x66 ./Core/Src/adc.o
 .debug_macro   0x0000b565      0x6f0 ./Core/Src/adc.o
 .debug_macro   0x0000bc55       0xe4 ./Core/Src/adc.o
 .debug_macro   0x0000bd39      0x424 ./Core/Src/adc.o
 .debug_macro   0x0000c15d       0xfb ./Core/Src/adc.o
 .debug_macro   0x0000c258      0x179 ./Core/Src/adc.o
 .debug_macro   0x0000c3d1      0x109 ./Core/Src/adc.o
 .debug_macro   0x0000c4da      0x18a ./Core/Src/adc.o
 .debug_macro   0x0000c664       0x2a ./Core/Src/adc.o
 .debug_macro   0x0000c68e       0xc2 ./Core/Src/adc.o
 .debug_macro   0x0000c750      0x303 ./Core/Src/adc.o
 .debug_macro   0x0000ca53      0x57d ./Core/Src/adc.o
 .debug_macro   0x0000cfd0      0x2f7 ./Core/Src/adc.o
 .debug_macro   0x0000d2c7      0x12d ./Core/Src/adc.o
 .debug_macro   0x0000d3f4       0x10 ./Core/Src/adc.o
 .debug_macro   0x0000d404       0x8e ./Core/Src/adc.o
 .debug_macro   0x0000d492      0x16b ./Core/Src/gpio.o
 .debug_macro   0x0000d5fd      0x346 ./Core/Src/main.o
 .debug_macro   0x0000d943       0x61 ./Core/Src/main.o
 .debug_macro   0x0000d9a4       0x24 ./Core/Src/main.o
 .debug_macro   0x0000d9c8       0x43 ./Core/Src/main.o
 .debug_macro   0x0000da0b       0x34 ./Core/Src/main.o
 .debug_macro   0x0000da3f       0x16 ./Core/Src/main.o
 .debug_macro   0x0000da55       0x9e ./Core/Src/main.o
 .debug_macro   0x0000daf3      0x370 ./Core/Src/main.o
 .debug_macro   0x0000de63      0x112 ./Core/Src/main.o
 .debug_macro   0x0000df75       0x10 ./Core/Src/main.o
 .debug_macro   0x0000df85       0x16 ./Core/Src/main.o
 .debug_macro   0x0000df9b       0x4a ./Core/Src/main.o
 .debug_macro   0x0000dfe5       0x34 ./Core/Src/main.o
 .debug_macro   0x0000e019       0x10 ./Core/Src/main.o
 .debug_macro   0x0000e029       0x58 ./Core/Src/main.o
 .debug_macro   0x0000e081       0x8e ./Core/Src/main.o
 .debug_macro   0x0000e10f       0x1c ./Core/Src/main.o
 .debug_macro   0x0000e12b      0x185 ./Core/Src/main.o
 .debug_macro   0x0000e2b0       0x16 ./Core/Src/main.o
 .debug_macro   0x0000e2c6       0x16 ./Core/Src/main.o
 .debug_macro   0x0000e2dc      0x146 ./Core/Src/main.o
 .debug_macro   0x0000e422       0x16 ./Core/Src/main.o
 .debug_macro   0x0000e438       0x3c ./Core/Src/main.o
 .debug_macro   0x0000e474       0x10 ./Core/Src/main.o
 .debug_macro   0x0000e484       0x10 ./Core/Src/main.o
 .debug_macro   0x0000e494       0x10 ./Core/Src/main.o
 .debug_macro   0x0000e4a4       0x1c ./Core/Src/main.o
 .debug_macro   0x0000e4c0       0x52 ./Core/Src/main.o
 .debug_macro   0x0000e512       0x22 ./Core/Src/main.o
 .debug_macro   0x0000e534       0x10 ./Core/Src/main.o
 .debug_macro   0x0000e544       0x52 ./Core/Src/main.o
 .debug_macro   0x0000e596       0xc1 ./Core/Src/main.o
 .debug_macro   0x0000e657       0x1c ./Core/Src/main.o
 .debug_macro   0x0000e673       0x3d ./Core/Src/main.o
 .debug_macro   0x0000e6b0       0x35 ./Core/Src/main.o
 .debug_macro   0x0000e6e5      0x12c ./Core/Src/main.o
 .debug_macro   0x0000e811      0x171 ./Core/Src/mainAppStepAuto.o
 .debug_macro   0x0000e982      0x16b ./Core/Src/motorControl.o
 .debug_macro   0x0000eaed      0x18f ./Core/Src/protocol.o
 .debug_macro   0x0000ec7c      0x3aa ./Core/Src/retarget.o
 .debug_macro   0x0000f026       0x5b ./Core/Src/retarget.o
 .debug_macro   0x0000f081       0x94 ./Core/Src/retarget.o
 .debug_macro   0x0000f115       0x1c ./Core/Src/retarget.o
 .debug_macro   0x0000f131       0x10 ./Core/Src/retarget.o
 .debug_macro   0x0000f141      0x190 ./Core/Src/retarget.o
 .debug_macro   0x0000f2d1       0x57 ./Core/Src/retarget.o
 .debug_macro   0x0000f328      0x23c ./Core/Src/retarget.o
 .debug_macro   0x0000f564       0xcf ./Core/Src/retarget.o
 .debug_macro   0x0000f633       0xc8 ./Core/Src/retarget.o
 .debug_macro   0x0000f6fb       0x7c ./Core/Src/retarget.o
 .debug_macro   0x0000f777       0x17 ./Core/Src/retarget.o
 .debug_macro   0x0000f78e      0x118 ./Core/Src/retarget.o
 .debug_macro   0x0000f8a6      0x18a ./Core/Src/retarget.o
 .debug_macro   0x0000fa30       0x16 ./Core/Src/retarget.o
 .debug_macro   0x0000fa46      0x132 ./Core/Src/retarget.o
 .debug_macro   0x0000fb78       0x1c ./Core/Src/retarget.o
 .debug_macro   0x0000fb94       0x10 ./Core/Src/retarget.o
 .debug_macro   0x0000fba4      0x180 ./Core/Src/stm32l0xx_it.o
 .debug_macro   0x0000fd24      0x112 ./Core/Src/sysmem.o
 .debug_macro   0x0000fe36       0xc4 ./Core/Src/system_stm32l0xx.o
 .debug_macro   0x0000fefa      0x16b ./Core/Src/tim.o
 .debug_macro   0x00010065      0x16b ./Core/Src/usart.o
 .debug_macro   0x000101d0      0x13b ./Drivers/STM32L0xx_HAL_Driver/Src/stm32l0xx_ll_adc.o
 .debug_macro   0x0001030b       0xeb ./Drivers/STM32L0xx_HAL_Driver/Src/stm32l0xx_ll_exti.o
 .debug_macro   0x000103f6      0x103 ./Drivers/STM32L0xx_HAL_Driver/Src/stm32l0xx_ll_exti.o
 .debug_macro   0x000104f9      0x106 ./Drivers/STM32L0xx_HAL_Driver/Src/stm32l0xx_ll_gpio.o
 .debug_macro   0x000105ff      0x127 ./Drivers/STM32L0xx_HAL_Driver/Src/stm32l0xx_ll_gpio.o
 .debug_macro   0x00010726       0xf7 ./Drivers/STM32L0xx_HAL_Driver/Src/stm32l0xx_ll_rcc.o
 .debug_macro   0x0001081d      0x41e ./Drivers/STM32L0xx_HAL_Driver/Src/stm32l0xx_ll_rcc.o
 .debug_macro   0x00010c3b      0x124 ./Drivers/STM32L0xx_HAL_Driver/Src/stm32l0xx_ll_tim.o
 .debug_macro   0x00010d5f      0x577 ./Drivers/STM32L0xx_HAL_Driver/Src/stm32l0xx_ll_tim.o
 .debug_macro   0x000112d6      0x133 ./Drivers/STM32L0xx_HAL_Driver/Src/stm32l0xx_ll_usart.o
 .debug_macro   0x00011409      0x2f1 ./Drivers/STM32L0xx_HAL_Driver/Src/stm32l0xx_ll_usart.o
 .debug_macro   0x000116fa      0x16c ./Drivers/STM32L0xx_HAL_Driver/Src/stm32l0xx_ll_utils.o

.debug_line     0x00000000     0xa0e0
 .debug_line    0x00000000      0x81b ./Core/Src/adc.o
 .debug_line    0x0000081b      0x724 ./Core/Src/gpio.o
 .debug_line    0x00000f3f      0xcd3 ./Core/Src/main.o
 .debug_line    0x00001c12      0x797 ./Core/Src/mainAppStepAuto.o
 .debug_line    0x000023a9      0x79b ./Core/Src/motorControl.o
 .debug_line    0x00002b44      0x9b8 ./Core/Src/protocol.o
 .debug_line    0x000034fc      0xa7a ./Core/Src/retarget.o
 .debug_line    0x00003f76      0x926 ./Core/Src/stm32l0xx_it.o
 .debug_line    0x0000489c      0x588 ./Core/Src/sysmem.o
 .debug_line    0x00004e24      0x5a5 ./Core/Src/system_stm32l0xx.o
 .debug_line    0x000053c9      0x813 ./Core/Src/tim.o
 .debug_line    0x00005bdc      0x7d1 ./Core/Src/usart.o
 .debug_line    0x000063ad       0x7b ./Core/Startup/startup_stm32l053r8tx.o
 .debug_line    0x00006428      0x7d2 ./Drivers/STM32L0xx_HAL_Driver/Src/stm32l0xx_ll_adc.o
 .debug_line    0x00006bfa      0x691 ./Drivers/STM32L0xx_HAL_Driver/Src/stm32l0xx_ll_exti.o
 .debug_line    0x0000728b      0x6d9 ./Drivers/STM32L0xx_HAL_Driver/Src/stm32l0xx_ll_gpio.o
 .debug_line    0x00007964      0xc8a ./Drivers/STM32L0xx_HAL_Driver/Src/stm32l0xx_ll_rcc.o
 .debug_line    0x000085ee      0x9b6 ./Drivers/STM32L0xx_HAL_Driver/Src/stm32l0xx_ll_tim.o
 .debug_line    0x00008fa4      0x762 ./Drivers/STM32L0xx_HAL_Driver/Src/stm32l0xx_ll_usart.o
 .debug_line    0x00009706      0x9da ./Drivers/STM32L0xx_HAL_Driver/Src/stm32l0xx_ll_utils.o

.debug_str      0x00000000    0x57228
 .debug_str     0x00000000    0x57228 ./Core/Src/adc.o
                              0x4c51e (size before relaxing)
 .debug_str     0x00057228    0x4c307 ./Core/Src/gpio.o
 .debug_str     0x00057228    0x5104e ./Core/Src/main.o
 .debug_str     0x00057228    0x4c28d ./Core/Src/mainAppStepAuto.o
 .debug_str     0x00057228    0x4c283 ./Core/Src/motorControl.o
 .debug_str     0x00057228    0x4c346 ./Core/Src/protocol.o
 .debug_str     0x00057228    0x523b3 ./Core/Src/retarget.o
 .debug_str     0x00057228    0x4c26a ./Core/Src/stm32l0xx_it.o
 .debug_str     0x00057228     0x775a ./Core/Src/sysmem.o
 .debug_str     0x00057228    0x3d3ca ./Core/Src/system_stm32l0xx.o
 .debug_str     0x00057228    0x4c407 ./Core/Src/tim.o
 .debug_str     0x00057228    0x4c552 ./Core/Src/usart.o
 .debug_str     0x00057228       0x84 ./Core/Startup/startup_stm32l053r8tx.o
 .debug_str     0x00057228    0x43201 ./Drivers/STM32L0xx_HAL_Driver/Src/stm32l0xx_ll_adc.o
 .debug_str     0x00057228    0x3db59 ./Drivers/STM32L0xx_HAL_Driver/Src/stm32l0xx_ll_exti.o
 .debug_str     0x00057228    0x3e6d5 ./Drivers/STM32L0xx_HAL_Driver/Src/stm32l0xx_ll_gpio.o
 .debug_str     0x00057228    0x3f5ff ./Drivers/STM32L0xx_HAL_Driver/Src/stm32l0xx_ll_rcc.o
 .debug_str     0x00057228    0x41514 ./Drivers/STM32L0xx_HAL_Driver/Src/stm32l0xx_ll_tim.o
 .debug_str     0x00057228    0x40fca ./Drivers/STM32L0xx_HAL_Driver/Src/stm32l0xx_ll_usart.o
 .debug_str     0x00057228    0x40d5e ./Drivers/STM32L0xx_HAL_Driver/Src/stm32l0xx_ll_utils.o

.comment        0x00000000       0x43
 .comment       0x00000000       0x43 ./Core/Src/adc.o
                                 0x44 (size before relaxing)
 .comment       0x00000043       0x44 ./Core/Src/gpio.o
 .comment       0x00000043       0x44 ./Core/Src/main.o
 .comment       0x00000043       0x44 ./Core/Src/mainAppStepAuto.o
 .comment       0x00000043       0x44 ./Core/Src/motorControl.o
 .comment       0x00000043       0x44 ./Core/Src/protocol.o
 .comment       0x00000043       0x44 ./Core/Src/retarget.o
 .comment       0x00000043       0x44 ./Core/Src/stm32l0xx_it.o
 .comment       0x00000043       0x44 ./Core/Src/sysmem.o
 .comment       0x00000043       0x44 ./Core/Src/system_stm32l0xx.o
 .comment       0x00000043       0x44 ./Core/Src/tim.o
 .comment       0x00000043       0x44 ./Core/Src/usart.o
 .comment       0x00000043       0x44 ./Drivers/STM32L0xx_HAL_Driver/Src/stm32l0xx_ll_adc.o
 .comment       0x00000043       0x44 ./Drivers/STM32L0xx_HAL_Driver/Src/stm32l0xx_ll_exti.o
 .comment       0x00000043       0x44 ./Drivers/STM32L0xx_HAL_Driver/Src/stm32l0xx_ll_gpio.o
 .comment       0x00000043       0x44 ./Drivers/STM32L0xx_HAL_Driver/Src/stm32l0xx_ll_rcc.o
 .comment       0x00000043       0x44 ./Drivers/STM32L0xx_HAL_Driver/Src/stm32l0xx_ll_tim.o
 .comment       0x00000043       0x44 ./Drivers/STM32L0xx_HAL_Driver/Src/stm32l0xx_ll_usart.o
 .comment       0x00000043       0x44 ./Drivers/STM32L0xx_HAL_Driver/Src/stm32l0xx_ll_utils.o

.debug_frame    0x00000000     0x28b0
 .debug_frame   0x00000000      0x1d4 ./Core/Src/adc.o
 .debug_frame   0x000001d4       0xd0 ./Core/Src/gpio.o
 .debug_frame   0x000002a4      0x3a0 ./Core/Src/main.o
 .debug_frame   0x00000644      0x110 ./Core/Src/mainAppStepAuto.o
 .debug_frame   0x00000754      0x130 ./Core/Src/motorControl.o
 .debug_frame   0x00000884      0x188 ./Core/Src/protocol.o
 .debug_frame   0x00000a0c       0xf0 ./Core/Src/retarget.o
 .debug_frame   0x00000afc      0x24c ./Core/Src/stm32l0xx_it.o
 .debug_frame   0x00000d48       0x30 ./Core/Src/sysmem.o
 .debug_frame   0x00000d78       0x4c ./Core/Src/system_stm32l0xx.o
 .debug_frame   0x00000dc4      0x134 ./Core/Src/tim.o
 .debug_frame   0x00000ef8       0xf0 ./Core/Src/usart.o
 .debug_frame   0x00000fe8      0x250 ./Drivers/STM32L0xx_HAL_Driver/Src/stm32l0xx_ll_adc.o
 .debug_frame   0x00001238      0x16c ./Drivers/STM32L0xx_HAL_Driver/Src/stm32l0xx_ll_exti.o
 .debug_frame   0x000013a4      0x170 ./Drivers/STM32L0xx_HAL_Driver/Src/stm32l0xx_ll_gpio.o
 .debug_frame   0x00001514      0x488 ./Drivers/STM32L0xx_HAL_Driver/Src/stm32l0xx_ll_rcc.o
 .debug_frame   0x0000199c      0x3b0 ./Drivers/STM32L0xx_HAL_Driver/Src/stm32l0xx_ll_tim.o
 .debug_frame   0x00001d4c      0x1d0 ./Drivers/STM32L0xx_HAL_Driver/Src/stm32l0xx_ll_usart.o
 .debug_frame   0x00001f1c      0x344 ./Drivers/STM32L0xx_HAL_Driver/Src/stm32l0xx_ll_utils.o
 .debug_frame   0x00002260      0x138 C:/ST/STM32CubeIDE_1.16.1/STM32CubeIDE/plugins/com.st.stm32cube.ide.mcu.externaltools.gnu-tools-for-stm32.13.3.rel1.win32_1.0.0.202411081344/tools/bin/../lib/gcc/arm-none-eabi/13.3.1/../../../../arm-none-eabi/lib/thumb/v6-m/nofp\libc_nano.a(libc_a-findfp.o)
 .debug_frame   0x00002398       0x34 C:/ST/STM32CubeIDE_1.16.1/STM32CubeIDE/plugins/com.st.stm32cube.ide.mcu.externaltools.gnu-tools-for-stm32.13.3.rel1.win32_1.0.0.202411081344/tools/bin/../lib/gcc/arm-none-eabi/13.3.1/../../../../arm-none-eabi/lib/thumb/v6-m/nofp\libc_nano.a(libc_a-fwalk.o)
 .debug_frame   0x000023cc       0x30 C:/ST/STM32CubeIDE_1.16.1/STM32CubeIDE/plugins/com.st.stm32cube.ide.mcu.externaltools.gnu-tools-for-stm32.13.3.rel1.win32_1.0.0.202411081344/tools/bin/../lib/gcc/arm-none-eabi/13.3.1/../../../../arm-none-eabi/lib/thumb/v6-m/nofp\libc_nano.a(libc_a-setvbuf.o)
 .debug_frame   0x000023fc       0x90 C:/ST/STM32CubeIDE_1.16.1/STM32CubeIDE/plugins/com.st.stm32cube.ide.mcu.externaltools.gnu-tools-for-stm32.13.3.rel1.win32_1.0.0.202411081344/tools/bin/../lib/gcc/arm-none-eabi/13.3.1/../../../../arm-none-eabi/lib/thumb/v6-m/nofp\libc_nano.a(libc_a-stdio.o)
 .debug_frame   0x0000248c       0x20 C:/ST/STM32CubeIDE_1.16.1/STM32CubeIDE/plugins/com.st.stm32cube.ide.mcu.externaltools.gnu-tools-for-stm32.13.3.rel1.win32_1.0.0.202411081344/tools/bin/../lib/gcc/arm-none-eabi/13.3.1/../../../../arm-none-eabi/lib/thumb/v6-m/nofp\libc_nano.a(libc_a-memset.o)
 .debug_frame   0x000024ac       0x2c C:/ST/STM32CubeIDE_1.16.1/STM32CubeIDE/plugins/com.st.stm32cube.ide.mcu.externaltools.gnu-tools-for-stm32.13.3.rel1.win32_1.0.0.202411081344/tools/bin/../lib/gcc/arm-none-eabi/13.3.1/../../../../arm-none-eabi/lib/thumb/v6-m/nofp\libc_nano.a(libc_a-closer.o)
 .debug_frame   0x000024d8       0x2c C:/ST/STM32CubeIDE_1.16.1/STM32CubeIDE/plugins/com.st.stm32cube.ide.mcu.externaltools.gnu-tools-for-stm32.13.3.rel1.win32_1.0.0.202411081344/tools/bin/../lib/gcc/arm-none-eabi/13.3.1/../../../../arm-none-eabi/lib/thumb/v6-m/nofp\libc_nano.a(libc_a-reent.o)
 .debug_frame   0x00002504       0x2c C:/ST/STM32CubeIDE_1.16.1/STM32CubeIDE/plugins/com.st.stm32cube.ide.mcu.externaltools.gnu-tools-for-stm32.13.3.rel1.win32_1.0.0.202411081344/tools/bin/../lib/gcc/arm-none-eabi/13.3.1/../../../../arm-none-eabi/lib/thumb/v6-m/nofp\libc_nano.a(libc_a-lseekr.o)
 .debug_frame   0x00002530       0x2c C:/ST/STM32CubeIDE_1.16.1/STM32CubeIDE/plugins/com.st.stm32cube.ide.mcu.externaltools.gnu-tools-for-stm32.13.3.rel1.win32_1.0.0.202411081344/tools/bin/../lib/gcc/arm-none-eabi/13.3.1/../../../../arm-none-eabi/lib/thumb/v6-m/nofp\libc_nano.a(libc_a-readr.o)
 .debug_frame   0x0000255c       0x2c C:/ST/STM32CubeIDE_1.16.1/STM32CubeIDE/plugins/com.st.stm32cube.ide.mcu.externaltools.gnu-tools-for-stm32.13.3.rel1.win32_1.0.0.202411081344/tools/bin/../lib/gcc/arm-none-eabi/13.3.1/../../../../arm-none-eabi/lib/thumb/v6-m/nofp\libc_nano.a(libc_a-writer.o)
 .debug_frame   0x00002588       0x20 C:/ST/STM32CubeIDE_1.16.1/STM32CubeIDE/plugins/com.st.stm32cube.ide.mcu.externaltools.gnu-tools-for-stm32.13.3.rel1.win32_1.0.0.202411081344/tools/bin/../lib/gcc/arm-none-eabi/13.3.1/../../../../arm-none-eabi/lib/thumb/v6-m/nofp\libc_nano.a(libc_a-errno.o)
 .debug_frame   0x000025a8       0x2c C:/ST/STM32CubeIDE_1.16.1/STM32CubeIDE/plugins/com.st.stm32cube.ide.mcu.externaltools.gnu-tools-for-stm32.13.3.rel1.win32_1.0.0.202411081344/tools/bin/../lib/gcc/arm-none-eabi/13.3.1/../../../../arm-none-eabi/lib/thumb/v6-m/nofp\libc_nano.a(libc_a-init.o)
 .debug_frame   0x000025d4       0xb0 C:/ST/STM32CubeIDE_1.16.1/STM32CubeIDE/plugins/com.st.stm32cube.ide.mcu.externaltools.gnu-tools-for-stm32.13.3.rel1.win32_1.0.0.202411081344/tools/bin/../lib/gcc/arm-none-eabi/13.3.1/../../../../arm-none-eabi/lib/thumb/v6-m/nofp\libc_nano.a(libc_a-lock.o)
 .debug_frame   0x00002684       0x2c C:/ST/STM32CubeIDE_1.16.1/STM32CubeIDE/plugins/com.st.stm32cube.ide.mcu.externaltools.gnu-tools-for-stm32.13.3.rel1.win32_1.0.0.202411081344/tools/bin/../lib/gcc/arm-none-eabi/13.3.1/../../../../arm-none-eabi/lib/thumb/v6-m/nofp\libc_nano.a(libc_a-freer.o)
 .debug_frame   0x000026b0       0x40 C:/ST/STM32CubeIDE_1.16.1/STM32CubeIDE/plugins/com.st.stm32cube.ide.mcu.externaltools.gnu-tools-for-stm32.13.3.rel1.win32_1.0.0.202411081344/tools/bin/../lib/gcc/arm-none-eabi/13.3.1/../../../../arm-none-eabi/lib/thumb/v6-m/nofp\libc_nano.a(libc_a-malloc.o)
 .debug_frame   0x000026f0       0x50 C:/ST/STM32CubeIDE_1.16.1/STM32CubeIDE/plugins/com.st.stm32cube.ide.mcu.externaltools.gnu-tools-for-stm32.13.3.rel1.win32_1.0.0.202411081344/tools/bin/../lib/gcc/arm-none-eabi/13.3.1/../../../../arm-none-eabi/lib/thumb/v6-m/nofp\libc_nano.a(libc_a-mallocr.o)
 .debug_frame   0x00002740       0x40 C:/ST/STM32CubeIDE_1.16.1/STM32CubeIDE/plugins/com.st.stm32cube.ide.mcu.externaltools.gnu-tools-for-stm32.13.3.rel1.win32_1.0.0.202411081344/tools/bin/../lib/gcc/arm-none-eabi/13.3.1/../../../../arm-none-eabi/lib/thumb/v6-m/nofp\libc_nano.a(libc_a-mlock.o)
 .debug_frame   0x00002780       0x68 C:/ST/STM32CubeIDE_1.16.1/STM32CubeIDE/plugins/com.st.stm32cube.ide.mcu.externaltools.gnu-tools-for-stm32.13.3.rel1.win32_1.0.0.202411081344/tools/bin/../lib/gcc/arm-none-eabi/13.3.1/../../../../arm-none-eabi/lib/thumb/v6-m/nofp\libc_nano.a(libc_a-fflush.o)
 .debug_frame   0x000027e8       0x50 C:/ST/STM32CubeIDE_1.16.1/STM32CubeIDE/plugins/com.st.stm32cube.ide.mcu.externaltools.gnu-tools-for-stm32.13.3.rel1.win32_1.0.0.202411081344/tools/bin/../lib/gcc/arm-none-eabi/13.3.1/../../../../arm-none-eabi/lib/thumb/v6-m/nofp\libc_nano.a(libc_a-makebuf.o)
 .debug_frame   0x00002838       0x2c C:/ST/STM32CubeIDE_1.16.1/STM32CubeIDE/plugins/com.st.stm32cube.ide.mcu.externaltools.gnu-tools-for-stm32.13.3.rel1.win32_1.0.0.202411081344/tools/bin/../lib/gcc/arm-none-eabi/13.3.1/../../../../arm-none-eabi/lib/thumb/v6-m/nofp\libc_nano.a(libc_a-fstatr.o)
 .debug_frame   0x00002864       0x2c C:/ST/STM32CubeIDE_1.16.1/STM32CubeIDE/plugins/com.st.stm32cube.ide.mcu.externaltools.gnu-tools-for-stm32.13.3.rel1.win32_1.0.0.202411081344/tools/bin/../lib/gcc/arm-none-eabi/13.3.1/../../../../arm-none-eabi/lib/thumb/v6-m/nofp\libc_nano.a(libc_a-sbrkr.o)
 .debug_frame   0x00002890       0x20 C:/ST/STM32CubeIDE_1.16.1/STM32CubeIDE/plugins/com.st.stm32cube.ide.mcu.externaltools.gnu-tools-for-stm32.13.3.rel1.win32_1.0.0.202411081344/tools/bin/../lib/gcc/arm-none-eabi/13.3.1/thumb/v6-m/nofp\libgcc.a(_udivsi3.o)

.debug_line_str
                0x00000000       0x68
 .debug_line_str
                0x00000000       0x68 ./Core/Startup/startup_stm32l053r8tx.o
