../Drivers/STM32L0xx_HAL_Driver/Inc/stm32l0xx_ll_adc.h:3357:22:LL_ADC_Enable	1
../Drivers/STM32L0xx_HAL_Driver/Inc/stm32l0xx_ll_rcc.h:695:22:LL_RCC_HSE_EnableBypass	1
../Drivers/STM32L0xx_HAL_Driver/Inc/stm32l0xx_ll_rcc.h:715:22:LL_RCC_HSE_Enable	1
../Drivers/STM32L0xx_HAL_Driver/Inc/stm32l0xx_ll_rcc.h:735:26:LL_RCC_HSE_IsReady	2
../Drivers/STM32L0xx_HAL_Driver/Inc/stm32l0xx_ll_rcc.h:782:22:LL_RCC_HSI_Enable	1
../Drivers/STM32L0xx_HAL_Driver/Inc/stm32l0xx_ll_rcc.h:802:26:LL_RCC_HSI_IsReady	2
../Drivers/STM32L0xx_HAL_Driver/Inc/stm32l0xx_ll_rcc.h:893:22:LL_RCC_HSI_SetCalibTrimming	1
../Drivers/STM32L0xx_HAL_Driver/Inc/stm32l0xx_ll_rcc.h:1275:22:LL_RCC_SetSysClkSource	1
../Drivers/STM32L0xx_HAL_Driver/Inc/stm32l0xx_ll_rcc.h:1289:26:LL_RCC_GetSysClkSource	1
../Drivers/STM32L0xx_HAL_Driver/Inc/stm32l0xx_ll_rcc.h:1309:22:LL_RCC_SetAHBPrescaler	1
../Drivers/STM32L0xx_HAL_Driver/Inc/stm32l0xx_ll_rcc.h:1325:22:LL_RCC_SetAPB1Prescaler	1
../Drivers/STM32L0xx_HAL_Driver/Inc/stm32l0xx_ll_rcc.h:1341:22:LL_RCC_SetAPB2Prescaler	1
../Drivers/STM32L0xx_HAL_Driver/Inc/stm32l0xx_ll_rcc.h:1481:22:LL_RCC_SetUSARTClockSource	1
../Drivers/STM32L0xx_HAL_Driver/Inc/stm32l0xx_ll_rcc.h:1784:22:LL_RCC_PLL_Enable	1
../Drivers/STM32L0xx_HAL_Driver/Inc/stm32l0xx_ll_rcc.h:1805:26:LL_RCC_PLL_IsReady	2
../Drivers/STM32L0xx_HAL_Driver/Inc/stm32l0xx_ll_rcc.h:1834:22:LL_RCC_PLL_ConfigDomain_SYS	1
../Drivers/STM32L0xx_HAL_Driver/Inc/stm32l0xx_ll_bus.h:440:22:LL_APB1_GRP1_EnableClock	1
../Drivers/STM32L0xx_HAL_Driver/Inc/stm32l0xx_ll_bus.h:786:22:LL_APB2_GRP1_EnableClock	1
../Drivers/STM32L0xx_HAL_Driver/Inc/stm32l0xx_ll_system.h:912:22:LL_FLASH_SetLatency	1
../Drivers/STM32L0xx_HAL_Driver/Inc/stm32l0xx_ll_system.h:924:26:LL_FLASH_GetLatency	1
../Drivers/STM32L0xx_HAL_Driver/Inc/stm32l0xx_ll_cortex.h:261:22:LL_SYSTICK_EnableIT	1
../Drivers/STM32L0xx_HAL_Driver/Inc/stm32l0xx_ll_pwr.h:272:22:LL_PWR_SetRegulVoltageScaling	1
../Drivers/STM32L0xx_HAL_Driver/Inc/stm32l0xx_ll_tim.h:910:22:LL_TIM_EnableCounter	1
../Drivers/STM32L0xx_HAL_Driver/Inc/stm32l0xx_ll_tim.h:1290:22:LL_TIM_CC_EnableChannel	1
../Drivers/STM32L0xx_HAL_Driver/Inc/stm32l0xx_ll_tim.h:1687:22:LL_TIM_OC_SetCompareCH1	1
../Drivers/STM32L0xx_HAL_Driver/Inc/stm32l0xx_ll_tim.h:1701:22:LL_TIM_OC_SetCompareCH2	1
../Drivers/STM32L0xx_HAL_Driver/Inc/stm32l0xx_ll_usart.h:2996:22:LL_USART_EnableIT_RXNE	1
../Core/Src/main.c:71:5:main	2
../Core/Src/main.c:148:6:SystemClock_Config	6
../Core/Src/main.c:204:6:Error_Handler	1
